   Compiling proc-macro2 v1.0.106
   Compiling unicode-ident v1.0.24
   Compiling quote v1.0.45
   Compiling cfg-if v1.0.4
   Compiling bitflags v2.11.1
   Compiling libc v0.2.186
   Compiling log v0.4.30
   Compiling once_cell v1.21.4
   Compiling smallvec v1.15.1
   Compiling memchr v2.8.0
   Compiling libm v0.2.16
   Compiling pin-project-lite v0.2.17
   Compiling autocfg v1.5.1
   Compiling equivalent v1.0.2
   Compiling slab v0.4.12
   Compiling futures-core v0.3.32
   Compiling scopeguard v1.2.0
   Compiling parking_lot_core v0.9.12
   Compiling rustix v1.1.4
   Compiling linux-raw-sys v0.12.1
   Compiling lock_api v0.4.14
   Compiling bytes v1.11.1
   Compiling thiserror v2.0.18
   Compiling futures-io v0.3.32
   Compiling tracing-core v0.1.36
   Compiling serde_core v1.0.228
   Compiling pkg-config v0.3.33
   Compiling fastrand v2.4.1
   Compiling serde v1.0.228
   Compiling futures-sink v0.3.32
   Compiling foldhash v0.2.0
   Compiling anyhow v1.0.104
   Compiling either v1.16.0
   Compiling futures-channel v0.3.32
   Compiling version_check v0.9.5
   Compiling hashbrown v0.17.1
   Compiling libloading v0.8.9
   Compiling num-traits v0.2.19
   Compiling itertools v0.14.0
   Compiling shlex v1.3.0
   Compiling futures-task v0.3.32
   Compiling getrandom v0.4.2
   Compiling find-msvc-tools v0.1.9
   Compiling crossbeam-utils v0.8.21
   Compiling foldhash v0.1.5
   Compiling cc v1.2.62
   Compiling cfg_aliases v0.2.1
   Compiling syn v2.0.117
   Compiling zerocopy v0.8.48
   Compiling itoa v1.0.18
   Compiling atomic-waker v1.1.2
   Compiling indexmap v2.14.0
   Compiling crc32fast v1.5.0
   Compiling http v1.4.0
   Compiling winnow v1.0.3
   Compiling wayland-sys v0.31.11
   Compiling dlib v0.5.3
   Compiling simd-adler32 v0.3.9
   Compiling arrayvec v0.7.6
   Compiling heck v0.5.0
   Compiling fnv v1.0.7
   Compiling tower-service v0.3.3
   Compiling downcast-rs v1.2.1
   Compiling httparse v1.10.1
   Compiling http-body v1.0.1
   Compiling errno v0.3.14
   Compiling signal-hook-registry v1.4.8
   Compiling socket2 v0.6.3
   Compiling mio v1.2.0
   Compiling adler2 v2.0.1
   Compiling parking_lot v0.12.5
   Compiling pulldown-cmark v0.13.4
   Compiling prettyplease v0.2.37
   Compiling scoped-tls v1.0.1
   Compiling miniz_oxide v0.8.9
   Compiling quick-xml v0.39.4
   Compiling unicase v2.9.0
   Compiling wayland-client v0.31.14
   Compiling try-lock v0.2.5
   Compiling regex-syntax v0.8.10
   Compiling percent-encoding v2.3.2
   Compiling want v0.3.1
   Compiling hashbrown v0.15.5
   Compiling httpdate v1.0.3
   Compiling tower-layer v0.3.3
   Compiling uuid v1.23.1
   Compiling fixedbitset v0.5.7
   Compiling sync_wrapper v1.0.2
   Compiling flate2 v1.1.9
   Compiling http-body-util v0.1.3
   Compiling crossbeam-epoch v0.9.20
   Compiling petgraph v0.8.3
   Compiling multimap v0.10.1
   Compiling mime v0.3.17
   Compiling zmij v1.0.21
   Compiling matchit v0.8.4
   Compiling iana-time-zone v0.1.65
   Compiling memmap2 v0.9.10
   Compiling wayland-backend v0.3.15
   Compiling pulldown-cmark-to-cmark v22.0.0
   Compiling axum-core v0.5.6
   Compiling core_maths v0.1.1
   Compiling hashbrown v0.16.1
   Compiling wayland-scanner v0.31.10
   Compiling base64 v0.22.1
   Compiling rayon-core v1.13.0
   Compiling serde_json v1.0.150
   Compiling crossbeam-deque v0.8.6
   Compiling parking v2.2.1
   Compiling num-integer v0.1.46
   Compiling regex-automata v0.4.14
   Compiling concurrent-queue v2.5.0
   Compiling bit-vec v0.8.0
   Compiling tempfile v3.27.0
   Compiling raw-window-handle v0.6.2
   Compiling bit-set v0.8.0
   Compiling num-bigint v0.4.6
   Compiling getrandom v0.3.4
   Compiling stable_deref_trait v1.2.1
   Compiling hex v0.4.3
   Compiling as-slice v0.2.1
   Compiling rayon v1.12.0
   Compiling ttf-parser v0.25.1
   Compiling toml_parser v1.1.2+spec-1.1.0
   Compiling generic-array v0.14.7
   Compiling rustc-hash v1.1.0
   Compiling smol_str v0.2.2
   Compiling utf8parse v0.2.2
   Compiling toml_datetime v1.1.1+spec-1.1.0
   Compiling tonic-build v0.14.6
   Compiling paste v1.0.15
   Compiling regex v1.12.3
   Compiling num-rational v0.4.2
   Compiling built v0.8.1
   Compiling av-scenechange v0.14.1
   Compiling toml_edit v0.25.11+spec-1.1.0
   Compiling anstyle-parse v1.0.0
   Compiling polling v3.11.0
   Compiling aligned v0.4.3
   Compiling nom v8.0.0
   Compiling no_std_io2 v0.9.4
   Compiling y4m v0.8.0
   Compiling quick-error v2.0.1
   Compiling lazy_static v1.5.0
   Compiling colorchoice v1.0.5
   Compiling anstyle v1.0.14
   Compiling typenum v1.20.1
   Compiling is_terminal_polyfill v1.70.2
   Compiling pastey v0.1.1
   Compiling anstyle-query v1.1.5
   Compiling proc-macro-crate v3.5.0
   Compiling bitstream-io v4.10.0
   Compiling anstream v1.0.0
   Compiling rav1e v0.8.1
   Compiling maybe-rayon v0.1.1
   Compiling event-listener v5.4.1
   Compiling simd_helpers v0.1.0
   Compiling syn v3.0.3
   Compiling slotmap v1.1.1
   Compiling weezl v0.1.12
   Compiling noop_proc_macro v0.3.0
   Compiling web-time v1.1.0
   Compiling imgref v1.12.1
   Compiling new_debug_unreachable v1.0.6
   Compiling rustc-hash v2.1.2
   Compiling strsim v0.11.1
   Compiling zune-core v0.5.1
   Compiling clap_lex v1.1.0
   Compiling loop9 v0.1.5
   Compiling lilt v0.8.1
   Compiling event-listener-strategy v0.5.4
   Compiling sharded-slab v0.1.7
   Compiling clap_builder v4.6.6
   Compiling zune-jpeg v0.5.15
   Compiling futures-lite v2.6.1
   Compiling avif-serialize v0.8.9
   Compiling zune-inflate v0.2.54
   Compiling fdeflate v0.3.7
   Compiling tracing-log v0.2.0
   Compiling wayland-protocols v0.32.12
   Compiling thread_local v1.1.9
   Compiling pxfm v0.1.29
   Compiling roxmltree v0.20.0
   Compiling byteorder-lite v0.1.0
   Compiling rgb v0.8.53
   Compiling lebe v0.5.3
   Compiling bit_field v0.10.3
   Compiling nu-ansi-term v0.50.3
   Compiling tinyvec_macros v0.1.1
   Compiling color_quant v1.1.0
   Compiling matchers v0.2.0
   Compiling fax v0.2.7
   Compiling endi v1.1.1
   Compiling glam v0.25.0
   Compiling fontconfig-parser v0.5.8
   Compiling gif v0.14.2
   Compiling tinyvec v1.11.0
   Compiling thiserror-impl v2.0.18
   Compiling tracing-attributes v0.1.31
   Compiling tokio-macros v2.7.0
   Compiling serde_derive v1.0.228
   Compiling futures-macro v0.3.32
   Compiling bytemuck_derive v1.10.2
   Compiling zerocopy-derive v0.8.48
   Compiling prost-derive v0.14.3
   Compiling async-trait v0.1.89
   Compiling pin-project-internal v1.1.13
   Compiling tokio v1.52.3
   Compiling futures-util v0.3.32
   Compiling bytemuck v1.25.0
   Compiling profiling-procmacros v1.0.18
   Compiling tracing v0.1.44
   Compiling equator-macro v0.4.2
   Compiling arg_enum_proc_macro v0.3.4
   Compiling profiling v1.0.18
   Compiling enumflags2_derive v0.7.12
   Compiling font-types v0.11.3
   Compiling pin-project v1.1.13
   Compiling font-types v0.10.1
   Compiling num-derive v0.4.2
   Compiling read-fonts v0.37.0
   Compiling iced_core v0.14.0
   Compiling prost v0.14.3
   Compiling equator v0.4.2
   Compiling read-fonts v0.35.0
   Compiling tracing-subscriber v0.3.23
   Compiling prost-types v0.14.3
   Compiling aligned-vec v0.6.4
   Compiling qoi v0.4.1
   Compiling v_frame v0.3.9
   Compiling moxcms v0.8.1
   Compiling av1-grain v0.2.5
   Compiling futures-executor v0.3.32
   Compiling futures v0.3.32
   Compiling prost-build v0.14.3
   Compiling clap_derive v4.6.4
   Compiling image-webp v0.2.4
   Compiling png v0.18.1
   Compiling tonic-prost-build v0.14.6
   Compiling crypto-common v0.1.7
   Compiling block-buffer v0.10.4
   Compiling naga v27.0.3
   Compiling tokio-util v0.7.18
   Compiling tokio-stream v0.1.18
   Compiling chrono v0.4.44
   Compiling ipnet v2.12.0
   Compiling zvariant_utils v3.3.1
   Compiling h2 v0.4.16
   Compiling tower v0.5.3
   Compiling async-io v2.6.0
   Compiling yazi v0.2.1
   Compiling khronos-egl v6.0.0
   Compiling unicode-width v0.1.14
   Compiling as-raw-xcb-connection v1.0.1
   Compiling ash v0.38.0+1.3.281
   Compiling zvariant_derive v5.11.0
   Compiling zeno v0.3.3
   Compiling codespan-reporting v0.12.0
   Compiling half v2.7.1
   Compiling cfc-proto v0.2.0 (/build/colony-firewall-control/src/Colony-Firewall-Control-0.2.2/crates/cfc-proto)
   Compiling cfc-core v0.2.0 (/build/colony-firewall-control/src/Colony-Firewall-Control-0.2.2/crates/cfc-core)
   Compiling axum v0.8.9
   Compiling clap v4.6.6
   Compiling enumflags2 v0.7.12
   Compiling iced_futures v0.14.0
   Compiling tiff v0.11.3
   Compiling exr v1.74.0
   Compiling digest v0.10.7
   Compiling fontdb v0.23.0
   Compiling gethostname v1.1.0
   Compiling wgpu-hal v27.0.4
   Compiling gpu-alloc-types v0.3.0
   Compiling gpu-descriptor-types v0.2.0
   Compiling spirv v0.3.0+sdk-1.3.268.0
   Compiling unicode-linebreak v0.1.5
   Compiling x11rb-protocol v0.13.2
   Compiling async-task v4.7.1
   Compiling ravif v0.13.0
   Compiling skrifa v0.40.0
   Compiling skrifa v0.37.0
   Compiling harfrust v0.3.2
   Compiling rangemap v1.7.1
   Compiling vcpkg v0.2.15
   Compiling self_cell v1.2.2
   Compiling cursor-icon v1.2.0
   Compiling image v0.25.10
   Compiling hyper v1.9.0
   Compiling cpufeatures v0.2.17
   Compiling xcursor v0.3.10
   Compiling unicode-segmentation v1.13.2
   Compiling swash v0.2.7
   Compiling unicode-bidi v0.3.18
   Compiling hyper-util v0.1.20
   Compiling object v0.39.1
   Compiling linebender_resource_handle v0.1.1
   Compiling xkeysym v0.2.1
   Compiling unicode-script v0.5.8
   Compiling sys-locale v0.3.2
   Compiling hexf-parse v0.2.1
   Compiling libsqlite3-sys v0.37.0
   Compiling wayland-cursor v0.31.14
   Compiling hyper-timeout v0.5.2
   Compiling tonic v0.14.6
   Compiling sha2 v0.10.9
   Compiling wayland-csd-frame v0.3.0
   Compiling gpu-descriptor v0.3.2
   Compiling gpu-alloc v0.6.0
   Compiling zvariant v5.11.0
   Compiling cosmic-text v0.15.0
   Compiling tonic-prost v0.14.6
   Compiling wayland-protocols-wlr v0.3.12
   Compiling wgpu-types v27.0.1
   Compiling async-channel v2.5.0
   Compiling ordered-float v5.3.0
   Compiling thiserror v1.0.69
   Compiling glow v0.16.0
   Compiling renderdoc-sys v1.1.0
   Compiling cfc-client v0.2.0 (/build/colony-firewall-control/src/Colony-Firewall-Control-0.2.2/crates/cfc-client)
   Compiling strict-num v0.1.1
   Compiling mutate_once v0.1.2
   Compiling arrayref v0.3.9
   Compiling rustix v0.38.44
   Compiling tiny-skia-path v0.11.4
   Compiling kamadak-exif v0.6.1
   Compiling zbus_names v4.3.2
   Compiling async-signal v0.2.14
   Compiling thiserror-impl v1.0.69
   Compiling async-lock v3.4.2
   Compiling rand_core v0.9.5
   Compiling piper v0.2.5
   Compiling wgpu-core v27.0.3
   Compiling nix v0.31.3
   Compiling litrs v1.0.0
   Compiling procfs v0.18.0
   Compiling linux-raw-sys v0.4.15
   Compiling blocking v1.6.2
   Compiling async-process v2.5.0
   Compiling zbus_macros v5.15.0
   Compiling iced_graphics v0.14.0
   Compiling tiny-skia v0.11.4
   Compiling async-executor v1.14.0
   Compiling document-features v0.2.12
   Compiling x11rb v0.13.2
   Compiling procfs-core v0.18.0
   Compiling calloop v0.14.4
   Compiling serde_repr v0.1.20
   Compiling async-recursion v1.1.1
   Compiling async-broadcast v0.7.2
   Compiling hashlink v0.11.0
   Compiling serde_spanned v1.1.1
   Compiling euclid v0.22.14
   Compiling tiny-xlib v0.2.5
   Compiling wgpu v27.0.1
   Compiling aya-obj v0.3.0
   Compiling ordered-stream v0.2.0
   Compiling smithay-client-toolkit v0.20.0
   Compiling fallible-iterator v0.3.0
   Compiling static_assertions v1.1.0
   Compiling svg_fmt v0.4.5
   Compiling fallible-streaming-iterator v0.1.9
   Compiling toml_writer v1.1.1+spec-1.1.0
   Compiling assert_matches v1.5.0
   Compiling cfc-ebpf-common v0.2.0 (/build/colony-firewall-control/src/Colony-Firewall-Control-0.2.2/crates/cfc-ebpf-common)
   Compiling toml v1.1.2+spec-1.1.0
   Compiling calloop v0.13.0
   Compiling calloop-wayland-source v0.4.1
   Compiling iced_debug v0.14.0
   Compiling ppv-lite86 v0.2.21
   Compiling wayland-protocols-experimental v20250721.0.1
   Compiling aya v0.14.0
   Compiling wayland-protocols-misc v0.3.12
   Compiling dns-lookup v2.1.1
   Compiling wait-timeout v0.2.1
   Compiling nfq v0.2.5
   Compiling zbus v5.15.0
   Compiling proc-macro2-diagnostics v0.10.1
   Compiling ctor v0.10.1
   Compiling quick-error v1.2.3
   Compiling smithay-client-toolkit v0.19.2
   Compiling calloop-wayland-source v0.3.0
   Compiling rusty-fork v0.3.1
   Compiling rand_chacha v0.9.0
   Compiling etagere v0.2.15
   Compiling rand v0.9.4
   Compiling rand_xorshift v0.4.0
   Compiling owned_ttf_parser v0.25.1
   Compiling x11-dl v2.21.0
   Compiling ahash v0.8.12
   Compiling yansi v1.0.1
   Compiling is_ci v1.2.0
   Compiling android-build v0.1.4
   Compiling lru v0.16.4
   Compiling unarray v0.1.4
   Compiling ab_glyph_rasterizer v0.1.10
   Compiling softbuffer v0.4.8
   Compiling proptest v1.11.0
   Compiling ab_glyph v0.2.32
   Compiling guillotiere v0.6.2
   Compiling smithay-clipboard v0.7.3
   Compiling mundy v0.2.3
   Compiling is-terminal v0.4.17
   Compiling kurbo v0.10.4
   Compiling winit v0.30.13
   Compiling heck v0.4.1
   Compiling owo-colors v4.3.0
   Compiling ouroboros_macro v0.18.5
   Compiling clipboard_wayland v0.2.2
   Compiling supports-color v2.1.0
   Compiling sctk-adwaita v0.10.1
   Compiling iced_tiny_skia v0.14.0
   Compiling supports-color v3.0.2
   Compiling clipboard_x11 v0.4.3
   Compiling xkbcommon-dl v0.4.2
   Compiling iced_runtime v0.14.0
   Compiling wayland-protocols-plasma v0.3.12
   Compiling roff v1.1.1
   Compiling dpi v0.1.2
   Compiling aliasable v0.1.3
   Compiling clap_mangen v0.3.3
   Compiling iced_program v0.14.0
   Compiling ouroboros v0.18.5
   Compiling window_clipboard v0.5.1
   Compiling clap_complete v4.6.9
   Compiling pastey v0.2.3
   Compiling xtask v0.2.0 (/build/colony-firewall-control/src/Colony-Firewall-Control-0.2.2/crates/xtask)
   Compiling cfc-cli v0.2.0 (/build/colony-firewall-control/src/Colony-Firewall-Control-0.2.2/crates/cfc-cli)
   Compiling wgpu-core-deps-windows-linux-android v27.0.0
   Compiling notify-rust v4.17.0
   Compiling ksni v0.3.6
   Compiling iced_winit v0.14.0
   Compiling cfc-tray v0.2.0 (/build/colony-firewall-control/src/Colony-Firewall-Control-0.2.2/crates/cfc-tray)
   Compiling cryoglyph v0.1.0
   Compiling iced_wgpu v0.14.0
   Compiling iced_renderer v0.14.0
   Compiling iced_widget v0.14.2
   Compiling iced v0.14.0
   Compiling cfc-ui v0.2.0 (/build/colony-firewall-control/src/Colony-Firewall-Control-0.2.2/crates/cfc-ui)
   Compiling rusqlite v0.39.0
   Compiling cfc-daemon v0.2.0 (/build/colony-firewall-control/src/Colony-Firewall-Control-0.2.2/crates/cfc-daemon)
    Finished `test` profile [unoptimized + debuginfo] target(s) in 1m 23s
     Running unittests src/main.rs (target/debug/deps/cfc-227ac507b76f3950)

running 87 tests
test error::tests::exit_codes_match_the_documented_contract ... ok
test error::tests::anyhow_context_chain_is_preserved_on_one_line ... ok
test error::tests::rpc_errors_map_to_1_except_not_found ... ok
test events::tests::action_and_exe_filters_are_forwarded ... ok
test events::tests::empty_filters_leave_the_request_unconstrained ... ok
test events::tests::destination_prefers_hostname_and_survives_empty_rows ... ok
test error::tests::unreachable_client_errors_map_to_4 ... ok
test events::tests::since_becomes_an_absolute_instant ... ok
test events::tests::json_shape_is_stable ... ok
test humantime::tests::bare_number_is_seconds ... ok
test events::tests::unattributed_rows_stay_null_not_zero ... ok
test humantime::tests::compound_units_add_up ... ok
test humantime::tests::formats_seconds_for_humans ... ok
test humantime::tests::rejects_garbage ... ok
test humantime::tests::rejects_overflow ... ok
test humantime::tests::single_units ... ok
test live::tests::denied_filter_keeps_deny_and_reject_only ... ok
test live::tests::destination_prefers_the_hostname ... ok
test live::tests::each_filter_narrows ... ok
test live::tests::events_without_a_connection_are_dropped ... ok
test live::tests::exe_pattern_forms ... ok
test live::tests::filters_combine_as_and ... ok
test live::tests::no_filters_pass_everything ... ok
test live::tests::unattributed_flows_never_match_a_uid_filter ... ok
test live::tests::json_omits_unknown_process_fields ... ok
test live::tests::json_shape_has_the_process_and_hostname ... ok
test output::tests::bad_timestamps_render_as_question_mark ... ok
test output::tests::truncation_marks_the_cut ... ok
test output::tests::json_flag_is_the_only_machine_mode ... ok
test output::tests::zero_timestamps_have_no_rfc3339 ... ok
test prompts::tests::auto_flags_select_one_action ... ok
test prompts::tests::countdown_never_goes_negative_and_zero_deadlines_never_expire ... ok
test prompts::tests::descriptions_never_invent_a_root_uid ... ok
test prompts::tests::destination_description_includes_protocol_and_host ... ok
test prompts::tests::destination_scope_falls_back_to_a_host_cidr ... ok
test prompts::tests::destination_scope_prefers_the_hostname ... ok
test prompts::tests::exe_and_port_scope_mirrors_the_gui ... ok
test prompts::tests::exe_scope_is_only_the_exe ... ok
test prompts::tests::scopes_need_the_fields_they_pin ... ok
test prompts::tests::sha_is_shortened_but_not_invented ... ok
test prompts::tests::json_prompt_shape_carries_process_and_verdict ... ok
test rules::bundle_tests::bundle_names_are_unique ... ok
test rules::bundle_tests::bundle_add_sends_every_predicate_the_entry_declares ... ok
test rules::bundle_tests::every_bundle_rule_names_an_executable_or_is_a_scoped_inbound_one ... ok
test rules::bundle_tests::find_bundle_is_case_insensitive_and_lists_alternatives_on_a_miss ... ok
test rules::bundle_tests::every_inbound_bundle_entry_names_a_source_network ... ok
test rules::bundle_tests::resolve_picks_the_first_existing_candidate ... ok
test rules::bundle_tests::the_system_bundle_still_contains_the_original_twelve ... ok
test rules::bundle_tests::rule_names_are_unique_across_every_bundle ... ok
test rules::json_tests::a_malformed_dst_net_is_caught_before_the_daemon_sees_it ... ok
test rules::json_tests::a_malformed_id_is_caught_before_anything_is_applied ... ok
test rules::json_tests::an_unknown_action_is_refused_and_never_becomes_allow ... ok
test rules::json_tests::an_unknown_duration_or_protocol_is_refused_too ... ok
test rules::json_tests::the_error_names_the_rule_so_a_large_file_is_actionable ... ok
test rules::json_tests::rule_detail_carries_bookkeeping_fields_flattened ... ok
test rules::json_tests::export_round_trips_through_json ... ok
test rules::json_tests::unset_scope_fields_serialise_as_null ... ok
test rules::opensnitch_tests::deny_action_recognized ... ok
test rules::opensnitch_tests::dest_ip_becomes_cidr ... ok
test rules::opensnitch_tests::empty_rule_rejected ... ok
test rules::opensnitch_tests::ipv6_dest_ip_becomes_128_cidr ... ok
test rules::opensnitch_tests::regexp_type_treated_like_simple ... ok
test rules::opensnitch_tests::list_of_predicates ... ok
test rules::opensnitch_tests::simple_process_path ... ok
test rules::opensnitch_tests::unknown_operands_silently_skipped ... ok
test rules::resolve_tests::ambiguous_prefix_lists_candidates ... ok
test rules::resolve_tests::case_insensitive_name_is_a_last_resort ... ok
test rules::resolve_tests::duplicate_names_are_ambiguous ... ok
test rules::resolve_tests::exact_name_beats_a_case_insensitive_one ... ok
test rules::resolve_tests::exact_name_resolves ... ok
test rules::resolve_tests::full_id_wins ... ok
test rules::resolve_tests::nothing_matching_is_not_found ... ok
test rules::resolve_tests::short_ids_are_prefix_resolvable ... ok
test rules::resolve_tests::unique_prefix_resolves ... ok
test tests::exit_code_contract_is_documented_in_the_long_help ... ok
test tests::paused_cell_counts_down ... ok
test tests::status_json_shape_carries_the_wave_three_fields ... ok
test tests::status_json_omits_resume_fields_when_running ... ok
test tty::tests::control_bytes_are_not_characters ... ok
test tests::global_flags_work_after_the_subcommand ... ok
test tests::socket_defaults_to_the_shared_constant ... ok
test tests::warnings_fire_on_not_enforcing_and_skipped_rules ... ok
test tests::pause_for_accepts_humantime ... ok
test tests::auto_allow_and_auto_deny_are_mutually_exclusive ... ok
test tty::tests::letters_are_lowercased ... ok
test tests::clap_definition_is_valid ... ok
test tests::json_is_a_shorthand_for_output_json ... ok

test result: ok. 87 passed; 0 failed; 0 ignored; 0 measured; 0 filtered out; finished in 0.00s

     Running tests/cli_e2e.rs (target/debug/deps/cli_e2e-4398c6f26ab26e6d)

running 17 tests
test an_uppercase_id_updates_the_rule_instead_of_deleting_it ... ok
test an_upsert_that_fails_midway_leaves_the_old_rules_in_place ... ok
test auto_deny_answers_one_prompt_and_exits ... ok
test import_without_replace_never_deletes ... ok
test answering_once_persists_no_rule ... ok
test import_replace_does_not_delete_what_it_just_imported ... ok
test exe_and_port_scope_pins_the_port_and_protocol ... ok
test answering_with_a_scope_persists_a_rule ... ok
test two_rules_sharing_an_id_are_refused_before_anything_is_applied ... ok
test import_with_an_unknown_action_changes_nothing_at_all ... ok
test live_filters_are_applied_client_side ... ok
test skipping_submits_nothing ... ok
test live_without_follow_fails_when_the_stream_ends ... ok
test status_json_round_trips_over_a_real_socket ... ok
test import_replace_upserts_before_it_deletes ... ok
test unknown_socket_exits_four_with_an_actionable_message ... ok
test log_renders_rows_in_both_modes ... ok

test result: ok. 17 passed; 0 failed; 0 ignored; 0 measured; 0 filtered out; finished in 0.12s

     Running unittests src/lib.rs (target/debug/deps/cfc_client-20f90f89b0f01382)

running 12 tests
test convert::tests::provenance_is_worth_showing_only_when_something_is_known ... ok
test convert::tests::provenance_label_never_swallows_a_modified_verdict ... ok
test convert::tests::provenance_label_survives_version_skew ... ok
test convert::tests::provenance_labels ... ok
test convert::tests::provenance_tokens ... ok
test tests::backoff_doubles_and_saturates ... ok
test tests::eacces_names_the_group ... ok
test tests::econnrefused_says_stale ... ok
test tests::enoent_names_the_daemon ... ok
test tests::rpc_errors_are_not_unreachable_unless_unavailable ... ok
test tests::transport_error_unwraps_to_the_inner_io_kind ... ok
test tests::unknown_io_kind_falls_back_to_connect ... ok

test result: ok. 12 passed; 0 failed; 0 ignored; 0 measured; 0 filtered out; finished in 0.00s

     Running unittests src/lib.rs (target/debug/deps/cfc_core-584392828df8c56f)

running 50 tests
test exe_path::tests::a_missing_path_is_kept_verbatim_and_flagged ... ok
test exe_path::tests::a_path_with_no_resolvable_ancestor_is_still_missing ... ok
test exe_path::tests::a_relative_path_can_never_match_and_says_so ... ok
test exe_path::tests::a_missing_leaf_under_a_symlinked_directory_still_resolves ... ok
test exe_path::tests::a_not_yet_installed_program_is_still_flagged_even_when_the_directory_resolves ... ok
test exe_path::tests::a_symlinked_parent_directory_is_rewritten_too ... ok
test exe_path::tests::a_symlinked_path_is_rewritten_to_its_target ... ok
test exe_path::tests::a_trailing_slash_does_not_produce_a_false_warning ... ok
test exe_path::tests::an_already_canonical_path_is_left_alone ... ok
test process::tests::old_serialized_processes_still_deserialize ... ok
test process::tests::provenance_round_trips_through_json ... ok
test exe_path::tests::resolving_a_scope_updates_it_in_place ... ok
test process::tests::unknown_process_claims_no_provenance ... ok
test exe_path::tests::an_ancestor_that_is_a_file_is_not_a_place_anything_can_live ... ok
test rule::content_binding_tests::a_replaced_binary_does_not_inherit_the_rule ... ok
test rule::content_binding_tests::a_rule_without_a_hash_still_matches_by_path ... ok
test rule::content_binding_tests::an_unknown_hash_makes_the_scope_undecidable ... ok
test rule::content_binding_tests::an_unknown_hash_never_satisfies_a_pinned_rule ... ok
test rule::inbound_scope_tests::an_inbound_rule_may_be_scoped_on_the_port_and_the_source ... ok
test rule::inbound_scope_tests::an_inbound_rule_may_not_be_scoped_on_the_destination ... ok
test rule::inbound_scope_tests::the_guard_does_not_touch_outbound_or_undirected_rules ... ok
test rule::parent_exe_tests::a_parent_scoped_rule_is_refused_because_it_would_match_everything ... ok
test rule::parent_exe_tests::a_scope_without_a_parent_is_untouched ... ok
test rule::placeholder_exe_tests::a_relative_exe_is_refused_because_it_could_never_fire ... ok
test rule::placeholder_exe_tests::a_rule_scoped_to_the_placeholder_is_refused_at_creation ... ok
test rule::placeholder_exe_tests::an_ordinary_absolute_exe_is_accepted ... ok
test rule::placeholder_exe_tests::an_unidentified_process_does_not_match_a_real_exe_rule ... ok
test rule::placeholder_exe_tests::an_unidentified_process_matches_no_exe_scoped_rule ... ok
test rule::tests::deny_beats_allow_at_equal_specificity ... ok
test rule::tests::disabled_rules_skipped ... ok
test rule::tests::empty_set_returns_none ... ok
test rule::tests::equal_specificity_and_action_oldest_wins ... ok
test rule::tests::fixture_exe_scoped_parses ... ok
test rule::tests::fixture_full_scope_parses ... ok
test rule::tests::fixture_host_scoped_parses ... ok
test rule::tests::fixture_missing_defaulted_fields_parses ... ok
test rule::tests::fixture_net_port_scoped_parses ... ok
test rule::tests::lookup_result_independent_of_insertion_order ... ok
test rule::tests::fixture_with_unknown_extra_fields_parses ... ok
test rule::tests::matches_by_cidr ... ok
test rule::tests::matches_by_exe_only ... ok
test rule::tests::more_specific_rule_wins_regardless_of_action ... ok
test rule::tests::multiple_predicates_must_all_match ... ok
test rule::tests::matches_by_dst_port_only ... ok
test rule::tests::non_seconds_durations_never_expire_at_lookup ... ok
test rule::tests::seconds_rule_expires_at_lookup ... ok
test rule::tests::specificity_counts_populated_predicates ... ok
test rule::tests::fixture_uid_scoped_parses ... ok
test rule::tests::uid_predicate ... ok
test rule::tests::uid_scope_never_matches_unattributed_process ... ok

test result: ok. 50 passed; 0 failed; 0 ignored; 0 measured; 0 filtered out; finished in 0.00s

     Running unittests src/lib.rs (target/debug/deps/cfc_daemon-53daca40295bf309)

running 358 tests
test config::tests::ebpf_mode_helpers_match_their_names ... ok
test config::tests::empty_file_yields_balanced_defaults ... ok
test config::tests::an_unrecognised_ebpf_mode_falls_back_instead_of_failing_to_start ... ok
test config::tests::explicit_block_without_profile_uses_explicit_values ... ok
test config::tests::inbound_action_allow_is_coerced_to_deny_without_failing_the_parse ... ok
test config::tests::explicit_balanced_values_beat_strict_profile ... ok
test config::tests::ebpf_enabled_is_a_tri_state_defaulting_to_auto ... ok
test config::tests::inbound_action_deny_and_reject_are_both_honoured ... ok
test config::tests::no_profile_allows_inbound_by_default ... ok
test config::tests::no_profile_ever_permits_by_itself ... ok
test config::tests::loading_publishes_the_provenance_switch ... ok
test config::tests::provenance_is_on_by_default_and_can_be_switched_off ... ok
test config::tests::profile_plus_partial_override_mixes_per_field ... ok
test config::tests::new_sections_parse_and_default ... ok
test config::tests::profile_only_applies_profile_policy ... ok
test convert::tests::a_rule_that_constrains_nothing_is_refused ... ok
test convert::tests::action_db_str_matches_the_filter_vocabulary ... ok
test convert::tests::duration_seconds_collapses_to_always ... ok
test convert::tests::duration_roundtrip_common_cases ... ok
test convert::tests::connection_to_pb_carries_5tuple ... ok
test convert::tests::a_malformed_dst_net_is_refused_not_dropped ... ok
test convert::tests::duration_unspecified_and_unknown_are_rejected ... ok
test convert::tests::event_row_keeps_unattributed_uid_absent ... ok
test convert::tests::event_row_to_pb_tolerates_unknown_action_strings ... ok
test convert::tests::once_duration_is_not_persistable ... ok
test convert::tests::event_row_roundtrips_through_the_wire_shape ... ok
test convert::tests::process_carries_package_and_provenance_onto_the_wire ... ok
test convert::tests::process_uid_absence_survives_the_wire ... ok
test convert::tests::protocol_roundtrip ... ok
test convert::tests::provenance_roundtrip ... ok
test convert::tests::provenance_unknown_absorbs_unset_and_version_skew ... ok
test convert::tests::rule_from_pb_invalid_id ... ok
test convert::tests::rule_from_pb_rejects_unspecified_action_and_duration ... ok
test convert::tests::action_roundtrip ... ok
test convert::tests::rule_roundtrip ... ok
test convert::tests::scope_roundtrip_empty ... ok
test convert::tests::scope_roundtrip_full ... ok
test decision::tests::a_conditional_rule_for_another_process_does_not_block_the_answer ... ok
test decision::tests::a_destination_scoped_rule_is_never_a_process_wide_answer ... ok
test decision::tests::a_disabled_or_expired_rule_is_not_a_process_wide_answer ... ok
test decision::tests::a_hash_rule_for_another_binary_does_not_block_the_answer ... ok
test config::tests::unrecognized_profile_falls_back_to_balanced_base ... ok
test decision::tests::a_higher_precedence_conditional_rule_blocks_the_answer ... ok
test decision::tests::a_uid_rule_with_no_exe_disables_the_whole_table ... ok
test decision::tests::an_abstention_is_not_an_allow ... ok
test convert::tests::an_absent_protocol_is_still_absent_not_an_error ... ok
test convert::tests::an_unspecified_protocol_is_refused_rather_than_made_unmatchable ... ok
test decision::tests::an_exe_a_uid_rule_could_touch_is_not_compilable ... ok
test decision::tests::fallback_respects_default_policy_deny ... ok
test decision::tests::matching_allow_rule_resolves_to_allow ... ok
test decision::tests::an_expired_rule_is_not_compilable ... ok
test config::tests::sample_config_file_parses ... ok
test decision::tests::no_rules_at_all_means_ask_the_packet_path ... ok
test decision::tests::no_rules_returns_needs_prompt ... ok
test decision::tests::plain_exe_rules_are_compilable ... ok
test decision::tests::preserve_server_owned_leaves_an_unknown_rule_alone ... ok
test config::tests::missing_file_yields_defaults ... ok
test decision::tests::reject_default_policy_stays_reject ... ok
test decision::tests::policy_reload_changes_fallback_verdict ... ok
test decision::tests::an_inbound_rule_does_not_switch_off_in_kernel_enforcement ... ok
test decision::tests::remove_rule_clears_match ... ok
test decision::tests::reject_rule_stays_reject ... ok
test decision::tests::the_uid_changes_what_process_wide_action_answers ... ok
test decision::tests::snapshot_clones_rules ... ok
test decision::tests::upsert_cannot_inflate_the_hit_count_of_an_existing_rule ... ok
test convert::tests::action_unspecified_and_unknown_are_rejected ... ok
test decision::tests::upsert_rule_takes_effect_immediately ... ok
test dns::tests::a_negative_ptr_result_cannot_erase_an_observation_either ... ok
test decision::tests::an_inbound_rule_is_never_precommitted_to_the_connect_hooks ... ok
test decision::tests::an_unconditional_exe_rule_is_a_process_wide_answer ... ok
test decision::tests::an_unhashed_process_gets_no_answer_when_a_hash_rule_could_apply ... ok
test dns::tests::a_newer_observation_replaces_an_older_one ... ok
test decision::tests::draining_hits_does_not_reset_the_reported_count ... ok
test decision::tests::conflicting_rules_resolve_deny_regardless_of_load_order ... ok
test dns::tests::a_ptr_result_never_displaces_a_fresh_observation ... ok
test dns::tests::absurd_record_ttls_are_clamped_at_both_ends ... ok
test dns::tests::an_observation_beats_an_existing_ptr_name ... ok
test convert::tests::an_out_of_range_port_is_refused_rather_than_wrapped ... ok
test dns::tests::a_stale_observation_is_replaced_by_a_ptr_result ... ok
test dns::tests::empty_cache_returns_none ... ok
test dns::tests::an_observed_answer_is_returned_and_marked_observed ... ok
test dns::tests::forward_confirmation_requires_the_original_ip ... ok
test dns::tests::is_self_matches_pid ... ok
test decision::tests::matching_deny_rule_resolves_to_deny ... ok
test dns::tests::observed_answers_are_normalized ... ok
test dns::tests::observed_entries_expire_on_the_records_own_ttl ... ok
test dns::tests::ptr_is_still_used_when_nothing_was_observed ... ok
test ebpf::btf::tests::kind_flag_masks_the_bitfield_width_out_of_the_offset ... ok
test ebpf::btf::tests::finds_member_offsets_in_a_hand_built_blob ... ok
test ebpf::btf::tests::resolves_offsets_from_the_running_kernel ... ignored, requires a readable /sys/kernel/btf/vmlinux
test ebpf::enforce::tests::a_deny_rule_reaches_the_kernel_by_itself ... ignored, needs root and a BPF-capable kernel
test dns::tests::forward_confirmation_accepts_v4_mapped_answers ... ok
test ebpf::btf::tests::missing_member_is_none_not_an_error ... ok
test ebpf::enforce::tests::a_missing_path_is_an_error_not_a_false_positive ... ok
test ebpf::enforce::tests::a_plain_directory_is_not_mistaken_for_a_bpffs ... ok
test ebpf::enforce::tests::enforces_a_pinned_deny_with_no_daemon_alive ... ignored, needs root and a BPF-capable kernel
test ebpf::enforce::tests::the_kernel_evicts_a_verdict_on_exit_with_no_daemon_alive ... ignored, needs root and a BPF-capable kernel
test ebpf::enforce::tests::a_missing_key_is_not_an_error_worth_logging ... ok
test ebpf::enforce::tests::already_attached_needs_both_families ... ok
test ebpf::enforcement_level_tests::every_level_round_trips_through_the_atomic ... ok
test ebpf::btf::tests::rejects_a_blob_that_is_not_btf ... ok
test ebpf::enforcement_level_tests::the_surviving_levels_are_the_pinned_ones ... ok
test ebpf::btf::tests::truncated_type_section_errors_instead_of_panicking ... ok
test ebpf::loader::tests::attaches_with_only_the_units_capabilities ... ignored, run under setpriv with the unit's capability set; see the doc comment
test ebpf::enforcement_level_tests::unknown_is_distinguishable_from_a_real_off ... ok
test ebpf::loader::tests::a_dns_packet_record_decodes_and_parses ... ok
test ebpf::btf::tests::unknown_struct_is_an_error ... ok
test ebpf::loader::tests::decode_rejects_short_records ... ok
test ebpf::loader::tests::decode_round_trips_a_pod_event ... ok
test ebpf::loader::tests::an_absent_object_is_missing_not_untrusted ... ok
test ebpf::cgroup::tests::a_malformed_line_does_not_derail_the_scan ... ok
test ebpf::cgroup::tests::falls_back_to_the_hybrid_location ... ok
test ebpf::cgroup::tests::finds_the_unified_root_on_a_modern_host ... ok
test ebpf::cgroup::tests::prefers_sys_fs_cgroup_even_when_it_is_not_first ... ok
test ebpf::cgroup::tests::v1_only_host_has_no_v2_root ... ok
test ebpf::btf::tests::offsets_are_unresolved_until_both_are_found ... ok
test ebpf::cgroup::tests::decodes_octal_escapes_in_the_mountpoint ... ok
test ebpf::loader::tests::loads_and_attaches_on_this_kernel ... ignored, requires root and a built BPF object; see the doc comment
test ebpf::loader::tests::decode_tolerates_a_longer_record ... ok
test ebpf::loader::tests::only_root_owned_unwritable_files_are_trusted ... ok
test ebpf::loader::tests::sticky_root_directories_are_trusted_but_plain_writable_ones_are_not ... ok
test ebpf::proc_table::tests::a_dead_process_is_still_named ... ok
test ebpf::proc_table::tests::a_second_exec_replaces_the_first ... ok
test ebpf::proc_table::tests::a_table_that_is_not_live_never_answers ... ok
test ebpf::proc_table::tests::entries_expire_after_the_ttl ... ok
test ebpf::proc_table::tests::exit_evicts ... ok
test ebpf::proc_table::tests::exit_of_another_pid_is_harmless ... ok
test ebpf::proc_table::tests::insert_and_lookup_round_trip ... ok
test ebpf::proc_table::tests::pid_reuse_is_caught_even_when_the_exec_consumer_lost_the_race ... ok
test ebpf::proc_table::tests::pid_reuse_is_rejected_by_start_time ... ok
test ebpf::proc_table::tests::ppid_zero_means_unknown_not_pid_zero ... ok
test ebpf::proc_table::tests::relative_exec_paths_are_kept_but_not_offered_as_absolute ... ok
test ebpf::proc_table::tests::a_zero_length_filename_yields_no_path_not_a_stale_one ... ok
test ebpf::enforce::tests::the_pin_directory_carries_the_event_abi_version ... ok
test ebpf::proc_table::tests::truncated_and_untrusted_event_fields_do_not_panic ... ok
test ebpf::tests::auto_mode_brings_ring0_up_on_this_host ... ignored, needs root, CAP_BPF and the object installed at DEFAULT_OBJECT_PATH
test ebpf::tests::default_object_path_matches_the_packaging ... ok
test ebpf::tests::a_report_with_nothing_live_names_only_the_procfs_sources ... ok
test ebpf::tracefs::group_dead_tests::absent_field_resolves_to_none ... ok
test ebpf::tracefs::tests::a_missing_field_is_an_error_not_a_guess ... ok
test ebpf::tracefs::group_dead_tests::a_field_of_the_wrong_width_is_refused ... ok
test ebpf::tracefs::group_dead_tests::finds_group_dead_in_a_real_record ... ok
test ebpf::tracefs::tests::does_not_match_a_field_whose_type_mentions_filename ... ok
test ebpf::tracefs::tests::follows_the_offset_when_the_header_grows ... ok
test ebpf::tracefs::tests::an_unexpected_width_is_unsupported ... ok
test ebpf::tests::an_explicitly_off_config_produces_an_inert_report ... ok
test ebpf::tests::severity_follows_what_was_asked_for ... ok
test ebpf::tracefs::tests::garbage_never_panics ... ok
test ebpf::tests::an_enabled_config_without_an_object_still_starts ... ok
test ebpf::tracefs::tests::resolves_on_this_kernel ... ignored, reads /sys/kernel/tracing; run explicitly
test ebpf::tracefs::group_dead_tests::a_reordered_record_still_resolves_by_name ... ok
test ebpf::tracefs::tests::keys_on_the_field_name_not_on_the_first_data_loc ... ok
test ebpf::tracefs::tests::parses_a_real_format_file ... ok
test ebpf::tracefs::tests::rel_loc_is_unsupported_not_parsed ... ok
test ipc::tests::event_query_defaults_are_sane ... ok
test ipc::tests::a_root_owned_prompt_admits_only_root ... ok
test ipc::tests::event_query_ignores_a_non_positive_since ... ok
test ipc::tests::event_query_limit_is_capped ... ok
test ipc::tests::event_query_maps_every_filter ... ok
test ipc::tests::event_query_rejects_an_unknown_action_filter ... ok
test ipc::tests::forgetting_a_prompt_revokes_the_right_to_answer_it ... ok
test ipc::tests::clamping_is_detectable_for_the_warning ... ok
test ipc::tests::dry_run_never_claims_to_be_enforcing ... ok
test ipc::tests::enforcing_is_false_only_after_a_silent_grace_period ... ok
test ipc::tests::non_root_mutation_requires_a_group_gated_socket ... ok
test ipc::tests::only_a_peer_that_received_a_prompt_may_answer_it ... ok
test ipc::tests::only_the_owning_session_enters_a_prompts_audience ... ok
test ipc::tests::pause_never_resolves_to_forever ... ok
test ipc::tests::pause_zero_means_daemon_default ... ok
test ipc::tests::read_only_rpcs_are_open_to_any_connected_peer ... ok
test ipc::tests::recording_the_same_peer_twice_does_not_grow_the_queue ... ok
test ipc::tests::missing_group_resolves_to_none_without_panicking ... ok
test ipc::tests::root_may_always_mutate ... ok
test ipc::tests::root_group_resolves_on_linux ... ok
test nfqueue::tests::an_inbound_flow_does_not_pay_for_socket_attribution ... ok
test nfqueue::tests::an_inbound_rule_does_not_admit_a_peer_outside_its_src_net ... ok
test ipc::tests::unattributed_prompts_admit_every_session ... ok
test ipc::tests::several_subscribers_may_share_a_prompt ... ok
test nfqueue::tests::an_unexpected_hook_is_treated_as_inbound_not_outbound ... ok
test nfqueue::tests::an_unmatched_inbound_flow_is_denied_even_when_no_ui_action_is_allow ... ok
test nfqueue::tests::an_inbound_rule_admits_an_inbound_flow ... ok
test nfqueue::tests::flow_key_dedups_retransmits_and_parallel_connections ... ok
test nfqueue::tests::an_unparseable_inbound_packet_cannot_default_to_allow ... ok
test ipc::tests::pause_explicit_duration_wins_over_default ... ok
test ipc::tests::pause_is_clamped_to_the_maximum ... ok
test nfqueue::tests::flow_key_uses_exe_when_known_else_pid ... ok
test nfqueue::tests::idle_wait_consumes_a_verdict_from_the_channel ... ok
test nfqueue::tests::kernel_uid_attached_even_without_pid ... ok
test ipc::tests::event_pipeline_persists_the_live_feed ... ok
test nfqueue::tests::kernel_uid_gid_overrides_proc_values ... ok
test nfqueue::tests::no_rule_returns_prompt_with_policy_fallback ... ok
test nfqueue::tests::malformed_packet_applies_default_policy ... ok
test nfqueue::tests::paused_deny_rule_still_denied ... ok
test nfqueue::tests::paused_unknown_flow_allowed_without_prompt ... ok
test nfqueue::tests::an_undirected_rule_does_not_admit_inbound ... ok
test nfqueue::tests::an_outbound_flow_still_resolves_its_process ... ok
test nfqueue::tests::an_outbound_only_rule_does_not_admit_the_same_port_inbound ... ok
test nfqueue::tests::rule_hit_allow_delivers_allow ... ok
test nfqueue::tests::rule_hit_deny_delivers_deny ... ok
test nfqueue::tests::self_dns_bypass_accepts_silently ... ok
test nfqueue::tests::loop_drives_a_rule_hit_packet_to_a_verdict ... ok
test nfqueue::tests::stale_pending_flow_entry_reprompts_instead_of_panicking ... ok
test nfqueue::tests::recv_error_budget_gives_up_after_the_limit ... ok
test nfqueue::tests::the_worker_declares_its_thread_to_be_the_datapath ... ok
test nfqueue::tests::the_inbound_default_is_the_configured_one ... ok
test nfqueue::tests::cached_hostname_attached ... ok
test nfqueue::tests::stop_flag_ends_the_loop_with_prompts_outstanding ... ok
test nfqueue::tests::recv_error_budget_resets_on_a_successful_recv ... ok
test nfqueue::tests::loop_parks_a_prompt_and_releases_it_on_the_verdict ... ok
test nfqueue::tests::two_packets_of_one_flow_share_a_prompt_and_both_get_verdicted ... ok
test nfqueue::tests::verdict_channel_disconnect_applies_fallbacks ... ok
test nfqueue::tests::distinct_flows_get_distinct_prompts ... ok
test nfqueue::tests::queue_is_put_in_nonblocking_mode_once_and_stays_there ... ok
test ipc::tests::event_pipeline_prunes_to_the_configured_cap ... ok
test packet::tests::parses_ipv6_auth_header_then_udp ... ok
test ipc::tests::audience_evicts_oldest_prompts_beyond_the_cap ... ok
test packet::tests::ipv6_non_first_fragment_is_other_with_zero_ports ... ok
test nfqueue::tests::a_prompt_backlog_at_its_cap_falls_back_instead_of_parking ... ok
test packet::proptests::roundtrip_ipv4 ... ok
test packet::tests::parses_ipv6_extension_chain_at_bound ... ok
test packet::tests::parses_ipv6_first_fragment_then_tcp ... ok
test packet::tests::parses_ipv6_hop_by_hop_then_tcp ... ok
test packet::tests::parses_minimal_ipv4_tcp ... ok
test packet::tests::parses_minimal_ipv6_udp ... ok
test packet::tests::rejects_ipv4_ihl_beyond_buffer ... ok
test packet::tests::rejects_ipv4_short_ihl ... ok
test packet::tests::rejects_ipv6_extension_chain_longer_than_bound ... ok
test packet::tests::rejects_truncated ... ok
test packet::tests::rejects_truncated_ipv6_extension_header ... ok
test process_resolve::tests::a_replaced_binary_still_matches_a_rule_for_its_path ... ok
test process_resolve::tests::a_relative_exec_path_is_never_used_as_an_exe ... ok
test nfqueue::tests::stop_flag_ends_the_loop_while_it_is_idle ... ok
test process_resolve::tests::cache_evicts_oldest_when_full ... ok
test process_resolve::tests::a_table_that_is_not_live_changes_nothing ... ok
test process_resolve::tests::cache_hits_within_ttl_and_expires_after ... ok
test process_resolve::tests::exact_match_beats_wildcard ... ok
test process_resolve::tests::formats_ipv4 ... ok
test process_resolve::tests::formats_ipv6_loopback ... ok
test process_resolve::tests::hex_addr_round_trips_v4 ... ok
test process_resolve::tests::inode_zero_rows_are_skipped ... ok
test process_resolve::tests::parses_starttime_around_weird_comm ... ok
test packet::tests::rejects_unknown_version ... ok
test process_resolve::tests::parses_real_v4_mapped_hex ... ok
test process_resolve::tests::exact_match_found ... ok
test process_resolve::tests::hex_addr_round_trips_v6 ... ok
test process_resolve::tests::sha256_missing_file_is_none ... ok
test process_resolve::tests::sha256_of_known_content ... ok
test process_resolve::tests::sha256_skips_oversized_files ... ok
test process_resolve::tests::unconnected_fallback_is_udp_only ... ok
test process_resolve::tests::v4_mapped_entry_matches_v4_flow ... ok
test process_resolve::tests::without_a_kernel_record_a_dead_pid_still_fails_the_way_it_used_to ... ok
test process_resolve::tests::wildcard_v6_matches_v4_flow ... ok
test prompts::tests::a_prompt_a_subscriber_may_see_is_broadcast ... ok
test packet::proptests::arbitrary_bytes_never_panic ... ok
test process_resolve::tests::unconnected_udp_falls_back_to_zero_remote ... ok
test process_resolve::tests::wildcard_local_matches_on_port ... ok
test process_resolve::tests::pid_reuse_misses_process_cache ... ok
test prompts::tests::a_prompt_goes_to_the_session_that_owns_the_process ... ok
test prompts::tests::no_ui_reject_policy_stays_reject ... ok
test prompts::tests::a_prompt_no_subscriber_may_see_is_answered_immediately ... ok
test prompts::tests::a_root_owned_process_is_not_shown_to_an_ordinary_session ... ok
test prompts::tests::root_sees_every_prompt ... ok
test prompts::tests::a_root_subscriber_is_an_audience_for_every_prompt ... ok
test prompts::tests::policy_reload_applies_to_subsequent_prompts ... ok
test prompts::tests::dropping_the_last_subscription_restores_the_no_ui_fast_path ... ok
test prompts::tests::timeout_resolves_with_timeout_action ... ok
test prompts::tests::no_ui_answers_immediately_with_no_ui_action ... ok
test prompts::tests::unattributed_traffic_is_offered_to_everyone ... ok
test prompts::tests::unknown_or_malformed_prompt_id_rejected ... ok
test prompts::tests::user_answer_resolves_exactly_once ... ok
test provenance::tests::decision_table ... ok
test provenance::tests::a_missing_rpm_binary_is_an_empty_index_not_a_panic ... ok
test provenance::tests::describe_is_inert_for_non_absolute_and_deleted_binaries ... ok
test provenance::tests::broken_packages_do_not_blind_the_index ... ok
test provenance::tests::detection_prefers_a_backend_that_can_verify_and_gives_up_cleanly ... ok
test provenance::tests::digest_comparison_is_case_insensitive ... ok
test provenance::tests::dpkg_backend_is_name_only ... ok
test provenance::tests::dpkg_keeps_the_architecture_qualifier ... ok
test provenance::tests::files_list_normalises_a_leading_slash_and_ignores_blanks ... ok
test provenance::tests::files_list_without_a_header_yields_nothing ... ok
test provenance::tests::files_list_skips_the_header_and_directories ... ok
test provenance::tests::mtree_that_is_not_gzip_is_an_error_not_a_panic ... ok
test provenance::tests::mtree_returns_the_digest_for_the_right_path ... ok
test provenance::tests::files_list_stops_at_the_backup_section ... ok
test provenance::tests::package_dir_splits_from_the_right ... ok
test provenance::tests::real_machine_curl_is_verified_and_a_tmp_copy_is_not ... ignored, reads the real /var/lib/pacman; Arch-only
test provenance::tests::mtree_unescapes_octal_paths ... ok
test provenance::tests::mtree_set_default_digest_is_tolerated ... ok
test provenance::tests::rpm_line_parsing_rejects_what_is_not_a_file_record ... ok
test provenance::tests::pacman_backend_finds_package_and_digest ... ok
test dns::tests::the_cache_stays_bounded_under_a_flood_of_observations ... ok
test provenance::tests::mtree_missing_and_digestless_paths_are_none_not_panics ... ok
test provenance::tests::pacman_index_rebuilds_when_the_db_mtime_changes ... ok
test provenance::tests::sha256_hex_is_decoded_strictly ... ok
test provenance::tests::the_index_round_trips_a_digest_through_hex ... ok
test provenance::tests::unescape_handles_backslashes_and_stray_escapes ... ok
test provenance::tests::the_datapath_thread_does_not_build_the_index ... ok
test reject::tests::build_tcp_rst_rejects_mixed_families ... ok
test reject::tests::build_tcp_rst_v4_without_ack_flag ... ok
test reject::tests::build_tcp_rst_v4_byte_layout ... ok
test reject::tests::checksum_is_split_invariant ... ok
test reject::tests::disabled_rejecter_is_a_no_op ... ok
test reject::tests::icmpv4_needs_a_full_quotation ... ok
test reject::tests::icmpv4_port_unreachable_structure ... ok
test reject::tests::icmpv6_port_unreachable_structure ... ok
test nfqueue::tests::idle_wait_paces_itself_once_the_router_has_hung_up ... ok
test reject::tests::icmpv6_quotation_is_capped_at_the_minimum_mtu ... ok
test reject::tests::l4_offset_handles_options_and_extension_headers ... ok
test reject::tests::malformed_packets_report_unsupported_not_unavailable ... ok
test reject::tests::open_never_panics_without_privileges ... ok
test reject::tests::protocols_without_a_refusal_report_unsupported ... ok
test reject::tests::rst_fields_count_payload_fin_and_wrap ... ok
test reject::tests::checksum_matches_independent_implementation ... ok
test reject::tests::rst_fields_for_syn_acknowledges_seq_plus_one ... ok
test reject::tests::rst_is_never_sent_in_response_to_a_rst ... ok
test reject::tests::rst_fields_for_acking_segment_uses_the_ack_field ... ok
test sd_notify::tests::delivers_joined_payload_to_path_socket ... ok
test sd_notify::tests::delivers_to_abstract_socket ... ok
test sd_notify::tests::unset_socket_is_a_successful_noop ... ok
test sock_diag::tests::parses_inet_diag_reply ... ok
test sock_diag::tests::request_serialization_layout ... ok
test sock_diag::tests::request_serialization_v6_addresses ... ok
test sock_diag::tests::truncated_reply_is_none ... ok
test sock_diag::tests::unmatched_tuple_degrades_to_none ... ok
test storage::tests::a_legacy_other_protocol_is_healed_so_the_rule_stays_editable ... ok
test storage::tests::a_stored_rule_that_constrains_nothing_is_not_applied ... ok
test sock_diag::tests::error_reply_is_none ... ok
test reject::tests::build_tcp_rst_v6_byte_layout ... ok
test storage::tests::delete_removes_rule ... ok
test storage::tests::empty_store_returns_empty_set ... ok
test storage::tests::a_rule_scoped_to_the_unknown_placeholder_is_not_applied ... ok
test storage::tests::events_insert_query_roundtrip ... ok
test ebpf::proc_table::tests::the_table_is_bounded_and_evicts_the_oldest ... ok
test storage::tests::disabled_rules_excluded_from_snapshot ... ok
test storage::tests::future_schema_version_is_rejected ... ok
test storage::tests::insert_events_empty_batch_is_noop ... ok
test storage::tests::prune_events_keeps_newest ... ok
test storage::tests::multiple_rules_persist ... ok
test storage::tests::purge_expired_removes_only_expired_seconds_rules ... ok
test packet::proptests::roundtrip_ipv6 ... ok
test storage::tests::pre_versioning_db_migrates_to_v1 ... ok
test storage::tests::open_purges_transient_rules_at_startup ... ok
test storage::tests::upsert_idempotent_by_id ... ok
test storage::tests::purge_transient_removes_once_and_until_restart ... ok
test storage::tests::snapshot_counts_corrupted_rows_without_deleting_them ... ok
test storage::tests::upsert_then_snapshot_roundtrips ... ok
test storage::tests::migration_sets_user_version_and_open_is_idempotent ... ok
test storage::tests::the_store_opens_in_wal_with_full_durability ... ok
test provenance::tests::rpm_drops_an_md5_digest_rather_than_comparing_it ... ok
test provenance::tests::rpm_reports_the_package_and_verifies_against_a_sha256 ... ok
test provenance::tests::a_busy_binary_is_retried_rather_than_reported_as_an_empty_index ... ok
test process_resolve::tests::kernel_uid_gid_and_ppid_replace_the_proc_status_read ... ok
test process_resolve::tests::a_readable_proc_exe_always_wins_over_the_exec_path ... ok
test process_resolve::tests::a_recycled_pid_falls_back_to_proc_instead_of_reusing_the_record ... ok
test provenance::tests::warm_reports_whether_a_backend_was_asked ... ok
test process_resolve::tests::a_process_that_already_exited_is_named_from_the_exec_record ... ok
test ebpf::loader::tests::a_world_writable_object_is_refused_but_only_under_refuse ... ok
test provenance::tests::rpm_that_does_not_answer_leaves_the_index_empty_rather_than_blocking ... ok

test result: ok. 349 passed; 0 failed; 9 ignored; 0 measured; 1 filtered out; finished in 0.34s

     Running unittests src/main.rs (target/debug/deps/colony_firewalld-20ab2844cb18301f)

running 0 tests

test result: ok. 0 passed; 0 failed; 0 ignored; 0 measured; 0 filtered out; finished in 0.00s

     Running tests/ipc_integration.rs (target/debug/deps/ipc_integration-40065a2c6864a1f7)

running 16 tests
test require_group_refuses_non_root_mutation ... ok
test observed_connections_reach_list_events_through_the_pipeline ... ok
test unattributed_prompt_is_delivered_to_any_session ... ok
test pause_without_a_duration_uses_the_configured_default ... ok
test stream_connections_maps_the_live_feed ... ok
test verdict_for_an_undelivered_prompt_is_refused ... ok
test pause_reports_its_deadline_and_auto_resumes ... ok
test rules_upsert_rejects_unpersistable_and_unspecified_input ... ok
test status_reports_rules_policy_and_skipped_rows ... ok
test prompt_answered_without_a_scope_persists_nothing ... ok
test prompt_round_trip_answers_the_worker_and_persists_the_rule ... ok
test explicit_resume_invalidates_the_pending_auto_resume ... ok
test list_events_filters_and_pages ... ok
test prompt_timeout_falls_back_and_makes_a_late_answer_a_no_op ... ok
test rules_crud_round_trip_and_deterministic_order ... ok
test prompt_for_another_uid_is_not_delivered ... ok

test result: ok. 16 passed; 0 failed; 0 ignored; 0 measured; 0 filtered out; finished in 0.13s

     Running unittests src/lib.rs (target/debug/deps/cfc_ebpf_common-65f7cf5ff3e48f6d)

running 69 tests
test dns::tests::ancount_larger_than_reality_stops_cleanly ... ok
test dns::tests::answer_cap_is_enforced ... ok
test dns::tests::cursor_clamps_len_to_the_buffer ... ok
test dns::tests::compressed_answer_name_resolves_to_the_question ... ok
test dns::tests::cname_is_skipped_but_following_a_is_kept ... ok
test dns::tests::header_needs_twelve_bytes ... ok
test dns::tests::header_roundtrip ... ok
test dns::tests::mixed_a_and_aaaa ... ok
test dns::tests::non_in_class_is_skipped ... ok
test dns::tests::queries_and_errors_are_ignored ... ok
test dns::tests::rdlength_running_past_the_buffer_is_rejected ... ok
test dns::tests::oversized_response_is_parsed_up_to_the_scratch_bound ... ok
test dns::tests::read_name_accepts_max_length_name ... ok
test dns::tests::read_name_basic ... ok
test dns::tests::read_name_follows_backwards_pointer ... ok
test dns::tests::read_name_nul_terminates_over_stale_bytes ... ok
test dns::tests::read_name_rejects_forward_pointer ... ok
test dns::tests::read_name_rejects_missing_terminator ... ok
test dns::tests::read_name_rejects_overlong_name ... ok
test dns::tests::read_name_rejects_reserved_label_type ... ok
test dns::tests::read_name_rejects_self_pointer_loop ... ok
test dns::tests::read_name_rejects_too_many_jumps ... ok
test dns::tests::read_name_root_is_empty ... ok
test dns::tests::single_a_record ... ok
test dns::tests::single_aaaa_record ... ok
test dns::tests::skip_name_does_not_follow_pointers ... ok
test dns::tests::skip_questions_rejects_absurd_qdcount ... ok
test dns::tests::skip_questions_walks_all_of_them ... ok
test dns::tests::stale_tail_is_never_visible_through_name_bytes ... ok
test dns::tests::works_at_a_non_zero_base_like_the_bpf_scratch_buffer ... ok
test dns::tests::wrong_rdlength_for_type_is_not_reported ... ok
test net::tests::declared_len_ignores_the_buffer_and_len_does_not ... ok
test net::tests::ipv4_first_fragment_with_mf_is_accepted ... ok
test net::tests::ipv4_later_fragment_is_rejected ... ok
test net::tests::ipv4_no_options ... ok
test net::tests::ipv4_non_udp_is_rejected ... ok
test dns::tests::truncated_packets_never_panic ... ok
test net::tests::ipv4_short_ihl_is_rejected ... ok
test net::tests::ipv4_with_options ... ok
test net::tests::ipv6_extension_headers_are_skipped ... ok
test net::tests::ipv6_plain ... ok
test net::tests::non_ip_version_is_rejected ... ok
test net::tests::payload_len_is_clamped_to_captured_bytes ... ok
test net::tests::undersized_udp_len_is_rejected ... ok
test net::tests::truncated_inputs_never_panic ... ok
test tests::comm_str_handles_unterminated_buffer ... ok
test tests::comm_str_is_lossy_on_invalid_utf8 ... ok
test tests::comm_str_stops_at_nul ... ok
test tests::dns_answer_layout_is_frozen ... ok
test tests::dns_name_str_and_len ... ok
test tests::dns_name_str_is_lossy_and_bounded ... ok
test tests::dns_name_str_unterminated_full_buffer ... ok
test tests::dns_packet_debug_does_not_dump_the_buffer ... ok
test tests::dns_packet_layout_is_frozen ... ok
test tests::dns_packet_payload_clamps_a_lying_len ... ok
test tests::dns_packet_payload_is_empty_when_len_is_zero ... ok
test tests::dns_packet_payload_respects_len ... ok
test tests::exec_event_layout_is_frozen ... ok
test tests::exit_event_layout_is_frozen ... ok
test tests::filename_str_clamps_len_beyond_buffer ... ok
test tests::filename_str_is_lossy_on_invalid_utf8 ... ok
test tests::filename_str_respects_len ... ok
test tests::filename_str_truncates_at_nul_even_if_len_lies ... ok
test tests::ip_addr_v4 ... ok
test tests::ip_addr_v6 ... ok
test tests::nul_terminated_edge_cases ... ok
test tests::set_ip_round_trips ... ok
test tests::zeroed_constructors_are_all_zero ... ok
test dns::tests::empty_and_garbage_inputs_are_safe ... ok

test result: ok. 69 passed; 0 failed; 0 ignored; 0 measured; 0 filtered out; finished in 0.00s

     Running unittests src/lib.rs (target/debug/deps/cfc_proto-3783c32e8c6aa244)

running 0 tests

test result: ok. 0 passed; 0 failed; 0 ignored; 0 measured; 0 filtered out; finished in 0.00s

     Running unittests src/main.rs (target/debug/deps/colony_firewall_tray-10fa6551a9d9592f)

running 46 tests
test model::tests::action_keys_map_to_choices_and_nothing_else_does ... ok
test icon::tests::all_returns_every_advertised_size ... ok
test model::tests::allow_confirmation_names_the_program ... ok
test model::tests::actionable_mode_requires_the_actions_capability ... ok
test model::tests::allow_persists_a_rule_for_the_exe_like_block_does ... ok
test model::tests::block_confirmation_names_the_basename ... ok
test icon::tests::alpha_channel_is_really_used ... ok
test icon::tests::center_is_burgundy_on_parchment ... ok
test model::tests::block_verdict_persists_a_deny_scoped_to_the_exe ... ok
test icon::tests::corners_are_transparent_and_disc_is_opaque ... ok
test model::tests::connecting_has_no_controls_yet ... ok
test model::tests::countdown_formats_by_magnitude ... ok
test model::tests::enforcing_status_line ... ok
test icon::tests::dimensions_and_length_hold_for_every_size ... ok
test model::tests::gate_fires_on_increase_only ... ok
test icon::tests::shield_disc_and_rim_colors_all_appear ... ok
test model::tests::gate_first_poll_with_pending_prompts_fires ... ok
test model::tests::gate_rate_limits_to_one_per_interval ... ok
test model::tests::gate_suppressed_increase_is_not_retried_without_a_new_increase ... ok
test model::tests::hints_are_short_and_actionable ... ok
test model::tests::not_enforcing_names_the_nft_rule ... ok
test model::tests::not_enforcing_outranks_paused ... ok
test model::tests::once_verdicts_never_carry_a_persist_scope ... ok
test model::tests::overflow_body_counts_and_pluralizes ... ok
test model::tests::pause_choices_include_the_daemon_default ... ok
test model::tests::paused_counts_down_and_rounds_up ... ok
test model::tests::paused_daemon_offers_resume_instead ... ok
test model::tests::paused_with_expired_or_unknown_deadline_is_plain ... ok
test model::tests::prompt_notification_body_carries_the_full_exe_on_a_second_line ... ok
test model::tests::prompt_notification_falls_back_to_ip_then_unknown ... ok
test model::tests::prompt_notification_prefers_host_over_ip ... ok
test model::tests::prompt_notification_summary_is_the_exe_basename ... ok
test model::tests::prompt_notification_without_exe_offers_no_block_and_stays_one_line ... ok
test model::tests::prompt_notification_without_process_reads_unknown ... ok
test model::tests::prompt_timeout_clamps_to_at_least_one_second ... ok
test model::tests::prompt_timeout_is_the_remaining_time_until_the_deadline ... ok
test model::tests::prompts_at_or_beyond_the_cap_collapse_and_count_up ... ok
test model::tests::prompts_below_the_cap_get_their_own_notification ... ok
test model::tests::prompts_line_pluralizes ... ok
test model::tests::running_daemon_offers_the_pause_submenu ... ok
test model::tests::the_not_saved_message_does_not_read_as_a_success ... ok
test model::tests::tooltip_is_state_plus_prompt_count ... ok
test model::tests::unknown_exe_tests::a_real_program_still_gets_its_persistent_rule ... ok
test model::tests::unknown_exe_tests::an_unidentified_process_gets_no_persistent_choice ... ok
test model::tests::unreachable_daemon_has_no_pause_control_and_no_prompts ... ok
test model::tests::unreachable_status_line_carries_the_hint ... ok

test result: ok. 46 passed; 0 failed; 0 ignored; 0 measured; 0 filtered out; finished in 0.00s

     Running unittests src/main.rs (target/debug/deps/colony_firewall-37748e302bdfcf38)

running 85 tests
test format::tests::connection_hint_clips_without_splitting_a_char ... ok
test format::tests::countdown_formatting ... ok
test format::tests::dest_display_prefers_the_hostname ... ok
test format::tests::connection_hint_collapses_whitespace ... ok
test format::tests::countdown_fraction_is_bounded ... ok
test format::tests::dest_key_prefers_the_hostname ... ok
test format::tests::ellipsize_counts_characters_not_bytes ... ok
test format::tests::fallback_labels_cover_every_action ... ok
test format::tests::host_cidr_widths ... ok
test format::tests::is_expired_only_with_a_deadline ... ok
test format::tests::remaining_secs_rounds_up_and_clamps ... ok
test format::tests::remote_display_puts_the_port_outside_the_alias ... ok
test format::tests::local_clock_is_a_wall_clock_or_a_question_mark ... ok
test format::tests::resume_phrasing ... ok
test format::tests::sha_truncation ... ok
test format::tests::socket_display_is_empty_without_an_address ... ok
test format::tests::timestamps_degrade_gracefully ... ok
test format::tests::unreachable_line_is_stable_so_retries_coalesce ... ok
test format::tests::unreachable_line_keeps_the_actionable_advice ... ok
test format::tests::unreachable_line_without_a_detail_falls_back ... ok
test session_stats::tests::counts_split_allowed_and_denied ... ok
test session_stats::tests::destinations_key_on_hostname_then_ip ... ok
test session_stats::tests::missing_process_is_attributed_to_unknown ... ok
test session_stats::tests::top_n_is_ordered_by_total_then_key ... ok
test session_stats::tests::unspecified_verdict_counts_toward_total_only ... ok
test status_log::tests::coalescing_moves_the_entry_back_to_the_front ... ok
test status_log::tests::dismiss_is_index_safe ... ok
test status_log::tests::duplicates_coalesce_instead_of_filling_the_ring ... ok
test status_log::tests::newest_entry_is_first_and_ring_is_capped ... ok
test session_stats::tests::top_n_truncates ... ok
test status_log::tests::prune_expires_info_but_keeps_sticky_errors ... ok
test status_log::tests::re_pushing_a_sticky_text_keeps_it_sticky ... ok
test status_log::tests::single_occurrence_has_no_counter_suffix ... ok
test streams::tests::both_feeds_report_reconnection_with_the_same_message ... ok
test streams::tests::live_items_map_onto_the_ui_messages ... ok
test streams::tests::prompt_items_map_onto_the_ui_messages ... ok
test tests::a_first_prompt_raises_the_window_and_a_burst_does_not ... ok
test tests::a_new_rule_starts_with_empty_metadata ... ok
test tests::a_rule_scoped_only_by_hidden_predicates_is_still_editable ... ok
test tests::a_rule_seeded_from_an_observed_flow_is_new ... ok
test tests::an_open_rule_editor_suppresses_the_raise_and_the_tab_switch ... ok
test tests::backoff_is_bounded_between_three_and_five_seconds ... ok
test tests::a_failed_connection_logs_the_actionable_reason_once ... ok
test tests::customizing_an_empty_prompt_does_not_seed_a_match_everything_rule ... ok
test tests::customizing_a_prompt_seeds_a_new_rule_from_it ... ok
test tests::editing_a_rule_preserves_its_metadata ... ok
test tests::editing_keeps_scope_predicates_the_editor_cannot_show ... ok
test tests::editor_builds_a_persistable_rule ... ok
test tests::editor_rejects_a_persisted_once_rule ... ok
test tests::editor_requires_at_least_one_predicate ... ok
test tests::hidden_scope_summary_names_each_predicate ... ok
test tests::observed_seed_prefers_host_over_cidr ... ok
test tests::prompt_card_captures_the_daemon_deadline ... ok
test tests::toggling_enabled_changes_nothing_else ... ok
test views::live::tests::empty_filter_matches_everything ... ok
test views::live::tests::events_without_process_or_connection_do_not_panic ... ok
test views::live::tests::filter_hits_exe_basename_host_ip_and_port ... ok
test views::live::tests::text_and_verdict_filters_are_conjunctive ... ok
test views::live::tests::verdict_filter_groups_reject_with_deny ... ok
test views::prompts::tests::a_program_scope_constrains_nothing_but_the_program ... ok
test views::prompts::tests::a_command_line_that_only_repeats_the_program_is_dropped ... ok
test views::prompts::tests::a_full_event_renders_every_row_in_wfc_order ... ok
test views::prompts::tests::an_event_without_a_process_still_describes_the_connection ... ok
test views::prompts::tests::every_action_is_worded_as_a_decision_plus_a_consequence ... ok
test views::prompts::tests::an_unattributed_uid_is_omitted_rather_than_shown_as_root ... ok
test views::prompts::tests::once_never_carries_a_scope ... ok
test views::prompts::tests::a_program_scope_is_never_empty_and_never_a_wildcard ... ok
test views::prompts::tests::each_action_maps_to_its_documented_verdict ... ok
test views::prompts::tests::program_label_falls_back_to_a_pronoun ... ok
test views::prompts::tests::long_values_are_clipped_but_stay_copyable_in_full ... ok
test views::rules::tests::arrow_only_marks_the_active_column ... ok
test views::prompts::tests::remote_prefers_the_hostname_the_daemon_resolved ... ok
test views::rules::tests::default_sort_is_busiest_first ... ok
test views::prompts::tests::rows_the_daemon_could_not_fill_in_are_dropped ... ok
test views::rules::tests::filter_matches_name_exe_and_destination ... ok
test views::rules::tests::hits_and_created_sort_both_directions ... ok
test views::rules::tests::name_sort_is_case_insensitive ... ok
test views::rules::tests::ties_break_on_id_so_the_table_is_stable ... ok
test views::stats::tests::basename_handles_bare_and_trailing_slash_names ... ok
test views::stats::tests::uptime_picks_the_coarsest_useful_unit ... ok
test views::prompts::tests::the_heading_names_the_direction_and_the_local_time ... ok
test views::rules::tests::clicking_a_header_flips_only_its_own_column ... ok
test session_stats::tests::bounded_tests::the_partial_selection_emits_the_same_rows_as_a_full_sort ... ok
test session_stats::tests::bounded_tests::an_existing_key_keeps_counting_after_the_cap ... ok
test session_stats::tests::bounded_tests::the_key_tables_stop_growing_and_say_so ... ok

test result: ok. 85 passed; 0 failed; 0 ignored; 0 measured; 0 filtered out; finished in 0.01s

     Running unittests src/main.rs (target/debug/deps/xtask-6d6fbb869074f5c4)

running 0 tests

test result: ok. 0 passed; 0 failed; 0 ignored; 0 measured; 0 filtered out; finished in 0.00s

   Doc-tests cfc_client

running 0 tests

test result: ok. 0 passed; 0 failed; 0 ignored; 0 measured; 0 filtered out; finished in 0.00s

   Doc-tests cfc_core

running 0 tests

test result: ok. 0 passed; 0 failed; 0 ignored; 0 measured; 0 filtered out; finished in 0.00s

   Doc-tests cfc_daemon

running 0 tests

test result: ok. 0 passed; 0 failed; 0 ignored; 0 measured; 0 filtered out; finished in 0.00s

   Doc-tests cfc_ebpf_common

running 1 test
test crates/cfc-ebpf-common/src/lib.rs - (line 29) ... ignored

test result: ok. 0 passed; 0 failed; 1 ignored; 0 measured; 0 filtered out; finished in 0.00s

   Doc-tests cfc_proto

running 0 tests

test result: ok. 0 passed; 0 failed; 0 ignored; 0 measured; 0 filtered out; finished in 0.00s

