    Updating crates.io index
 Downloading crates ...
  Downloaded equivalent v1.0.2
  Downloaded proc-macro-crate v3.5.0
  Downloaded zvariant_utils v3.3.1
  Downloaded endi v1.1.1
  Downloaded cfg-if v1.0.4
  Downloaded enumflags2_derive v0.7.12
  Downloaded quote v1.0.45
  Downloaded serde_repr v0.1.20
  Downloaded foldhash v0.2.0
  Downloaded enumflags2 v0.7.12
  Downloaded scopeguard v1.2.0
  Downloaded matchers v0.2.0
  Downloaded futures-io v0.3.32
  Downloaded tokio-macros v2.7.0
  Downloaded quick-error v2.0.1
  Downloaded lazy_static v1.5.0
  Downloaded percent-encoding v2.3.2
  Downloaded event-listener-strategy v0.5.4
  Downloaded zbus_names v4.3.2
  Downloaded pin-project-lite v0.2.17
  Downloaded zvariant_derive v5.11.0
  Downloaded toml_datetime v1.1.1+spec-1.1.0
  Downloaded toml_parser v1.1.2+spec-1.1.0
  Downloaded try-lock v0.2.5
  Downloaded parking v2.2.1
  Downloaded atomic-waker v1.1.2
  Downloaded futures-core v0.3.32
  Downloaded hex v0.4.3
  Downloaded errno v0.3.14
  Downloaded async-signal v0.2.14
  Downloaded lock_api v0.4.14
  Downloaded async-executor v1.14.0
  Downloaded signal-hook-registry v1.4.8
  Downloaded blocking v1.6.2
  Downloaded ordered-stream v0.2.0
  Downloaded once_cell v1.21.4
  Downloaded tracing-attributes v0.1.31
  Downloaded zbus_macros v5.15.0
  Downloaded serde_derive v1.0.228
  Downloaded serde_core v1.0.228
  Downloaded pin-project v1.1.13
  Downloaded async-process v2.5.0
  Downloaded unicode-ident v1.0.24
  Downloaded want v0.3.1
  Downloaded fastrand v2.4.1
  Downloaded slab v0.4.12
  Downloaded async-broadcast v0.7.2
  Downloaded autocfg v1.5.1
  Downloaded concurrent-queue v2.5.0
  Downloaded thread_local v1.1.9
  Downloaded nu-ansi-term v0.50.3
  Downloaded zune-core v0.5.1
  Downloaded async-channel v2.5.0
  Downloaded tracing-log v0.2.0
  Downloaded lru v0.16.4
  Downloaded parking_lot v0.12.5
  Downloaded event-listener v5.4.1
  Downloaded async-lock v3.4.2
  Downloaded parking_lot_core v0.9.12
  Downloaded smallvec v1.15.1
  Downloaded tiny-xlib v0.2.5
  Downloaded getrandom v0.4.2
  Downloaded tracing-core v0.1.36
  Downloaded log v0.4.30
  Downloaded proc-macro2 v1.0.106
  Downloaded toml_edit v0.25.11+spec-1.1.0
  Downloaded toml_writer v1.1.1+spec-1.1.0
  Downloaded crossbeam-utils v0.8.21
  Downloaded async-recursion v1.1.1
  Downloaded tokio-stream v0.1.18
  Downloaded bitflags v2.11.1
  Downloaded piper v0.2.5
  Downloaded async-trait v0.1.89
  Downloaded weezl v0.1.12
  Downloaded socket2 v0.6.3
  Downloaded uuid v1.23.1
  Downloaded half v2.7.1
  Downloaded futures-lite v2.6.1
  Downloaded fallible-iterator v0.3.0
  Downloaded zvariant v5.11.0
  Downloaded memchr v2.8.0
  Downloaded zbus v5.15.0
  Downloaded sharded-slab v0.1.7
  Downloaded async-io v2.6.0
  Downloaded polling v3.11.0
  Downloaded notify-rust v4.17.0
  Downloaded serde v1.0.228
  Downloaded toml v1.1.2+spec-1.1.0
  Downloaded indexmap v2.14.0
  Downloaded async-task v4.7.1
  Downloaded zune-jpeg v0.5.15
  Downloaded wait-timeout v0.2.1
  Downloaded bytes v1.11.1
  Downloaded zerocopy-derive v0.8.48
  Downloaded tiff v0.11.3
  Downloaded rand_chacha v0.9.0
  Downloaded mio v1.2.0
  Downloaded num-traits v0.2.19
  Downloaded hashbrown v0.17.1
  Downloaded winnow v1.0.3
  Downloaded sync_wrapper v1.0.2
  Downloaded aho-corasick v1.1.4
  Downloaded pin-project-internal v1.1.13
  Downloaded tracing-subscriber v0.3.23
  Downloaded wasm-bindgen-shared v0.2.122
  Downloaded syn v2.0.117
  Downloaded image v0.25.10
  Downloaded zerocopy v0.8.48
  Downloaded aligned-vec v0.6.4
  Downloaded crossbeam-epoch v0.9.20
  Downloaded regex-syntax v0.8.10
  Downloaded wasm-bindgen v0.2.122
  Downloaded itoa v1.0.18
  Downloaded httpdate v1.0.3
  Downloaded mime v0.3.17
  Downloaded crypto-common v0.1.7
  Downloaded generic-array v0.14.7
  Downloaded version_check v0.9.5
  Downloaded block-buffer v0.10.4
  Downloaded strsim v0.11.1
  Downloaded clap_lex v1.1.0
  Downloaded scoped-tls v1.0.1
  Downloaded procfs-core v0.18.0
  Downloaded aya v0.14.0
  Downloaded tracing v0.1.44
  Downloaded rustix v1.1.4
  Downloaded libm v0.2.16
  Downloaded rayon v1.12.0
  Downloaded noop_proc_macro v0.3.0
  Downloaded itertools v0.14.0
  Downloaded built v0.8.1
  Downloaded num-bigint v0.4.6
  Downloaded pastey v0.1.1
  Downloaded as-slice v0.2.1
  Downloaded http-body v1.0.1
  Downloaded fnv v1.0.7
  Downloaded wayland-sys v0.31.11
  Downloaded downcast-rs v1.2.1
  Downloaded object v0.39.1
  Downloaded regex-automata v0.4.14
  Downloaded gethostname v1.1.0
  Downloaded as-raw-xcb-connection v1.0.1
  Downloaded libc v0.2.186
  Downloaded tokio v1.52.3
  Downloaded futures-macro v0.3.32
  Downloaded byteorder-lite v0.1.0
  Downloaded zune-inflate v0.2.54
  Downloaded smol_str v0.2.2
  Downloaded qoi v0.4.1
  Downloaded ksni v0.3.6
  Downloaded prettyplease v0.2.37
  Downloaded cpufeatures v0.2.17
  Downloaded is_ci v1.2.0
  Downloaded roff v1.1.1
  Downloaded supports-color v3.0.2
  Downloaded dpi v0.1.2
  Downloaded android-build v0.1.4
  Downloaded supports-color v2.1.0
  Downloaded mutate_once v0.1.2
  Downloaded prost v0.14.3
  Downloaded smithay-clipboard v0.7.3
  Downloaded linebender_resource_handle v0.1.1
  Downloaded proptest v1.11.0
  Downloaded strict-num v0.1.1
  Downloaded linux-raw-sys v0.12.1
  Downloaded gpu-descriptor v0.3.2
  Downloaded window_clipboard v0.5.1
  Downloaded ouroboros_macro v0.18.5
  Downloaded simd-adler32 v0.3.9
  Downloaded prost-derive v0.14.3
  Downloaded ordered-float v5.3.0
  Downloaded ppv-lite86 v0.2.21
  Downloaded tiny-skia-path v0.11.4
  Downloaded codespan-reporting v0.12.0
  Downloaded iced_core v0.14.0
  Downloaded anstyle-query v1.1.5
  Downloaded equator v0.4.2
  Downloaded rand_xorshift v0.4.0
  Downloaded tower v0.5.3
  Downloaded colorchoice v1.0.5
  Downloaded is_terminal_polyfill v1.70.2
  Downloaded maybe-rayon v0.1.1
  Downloaded adler2 v2.0.1
  Downloaded equator-macro v0.4.2
  Downloaded futures-sink v0.3.32
  Downloaded arrayref v0.3.9
  Downloaded futures-task v0.3.32
  Downloaded utf8parse v0.2.2
  Downloaded xkbcommon-dl v0.4.2
  Downloaded etagere v0.2.15
  Downloaded foldhash v0.1.5
  Downloaded fixedbitset v0.5.7
  Downloaded ab_glyph_rasterizer v0.1.10
  Downloaded core_maths v0.1.1
  Downloaded rustc-hash v2.1.2
  Downloaded xcursor v0.3.10
  Downloaded avif-serialize v0.8.9
  Downloaded rand_core v0.9.5
  Downloaded wayland-cursor v0.31.14
  Downloaded wayland-csd-frame v0.3.0
  Downloaded fdeflate v0.3.7
  Downloaded calloop-wayland-source v0.4.1
  Downloaded unicode-linebreak v0.1.5
  Downloaded tinyvec_macros v0.1.1
  Downloaded proc-macro2-diagnostics v0.10.1
  Downloaded raw-window-handle v0.6.2
  Downloaded iced_futures v0.14.0
  Downloaded pulldown-cmark-to-cmark v22.0.0
  Downloaded anyhow v1.0.104
  Downloaded crc32fast v1.5.0
  Downloaded iced_renderer v0.14.0
  Downloaded av1-grain v0.2.5
  Downloaded cursor-icon v1.2.0
  Downloaded zeno v0.3.3
  Downloaded guillotiere v0.6.2
  Downloaded font-types v0.10.1
  Downloaded calloop-wayland-source v0.3.0
  Downloaded rangemap v1.7.1
  Downloaded regex v1.12.3
  Downloaded euclid v0.22.14
  Downloaded dtor v0.8.1
  Downloaded ctor v0.10.1
  Downloaded dlib v0.5.3
  Downloaded serde_spanned v1.1.1
  Downloaded fontdb v0.23.0
  Downloaded unicode-segmentation v1.13.2
  Downloaded pulldown-cmark v0.13.4
  Downloaded hashbrown v0.16.1
  Downloaded glow v0.16.0
  Downloaded profiling v1.0.18
  Downloaded moxcms v0.8.1
  Downloaded new_debug_unreachable v1.0.6
  Downloaded arg_enum_proc_macro v0.3.4
  Downloaded hyper-timeout v0.5.2
  Downloaded read-fonts v0.37.0
  Downloaded wasm-bindgen-macro v0.2.122
  Downloaded stable_deref_trait v1.2.1
  Downloaded renderdoc-sys v1.1.0
  Downloaded crossbeam-deque v0.8.6
  Downloaded either v1.16.0
  Downloaded wgpu v27.0.1
  Downloaded axum-core v0.5.6
  Downloaded zmij v1.0.21
  Downloaded ravif v0.13.0
  Downloaded http-body-util v0.1.3
  Downloaded digest v0.10.7
  Downloaded no_std_io2 v0.9.4
  Downloaded bitstream-io v4.10.0
  Downloaded rayon-core v1.13.0
  Downloaded cryoglyph v0.1.0
  Downloaded harfrust v0.3.2
  Downloaded flate2 v1.1.9
  Downloaded unicode-width v0.1.14
  Downloaded assert_matches v1.5.0
  Downloaded wasm-bindgen-macro-support v0.2.122
  Downloaded ipnet v2.12.0
  Downloaded rand v0.9.4
  Downloaded bumpalo v3.20.3
  Downloaded wgpu-types v27.0.1
  Downloaded imgref v1.12.1
  Downloaded gif v0.14.2
  Downloaded bit_field v0.10.3
  Downloaded nom v8.0.0
  Downloaded read-fonts v0.35.0
  Downloaded arrayvec v0.7.6
  Downloaded wgpu-core v27.0.3
  Downloaded multimap v0.10.1
  Downloaded shlex v1.3.0
  Downloaded prost-build v0.14.3
  Downloaded tower-service v0.3.3
  Downloaded av-scenechange v0.14.1
  Downloaded jobserver v0.1.34
  Downloaded ash v0.38.0+1.3.281
  Downloaded iced_debug v0.14.0
  Downloaded is-terminal v0.4.17
  Downloaded unicode-bidi v0.3.18
  Downloaded find-msvc-tools v0.1.9
  Downloaded sys-locale v0.3.2
  Downloaded iced_wgpu v0.14.0
  Downloaded roxmltree v0.20.0
  Downloaded yansi v1.0.1
  Downloaded gpu-alloc-types v0.3.0
  Downloaded svg_fmt v0.4.5
  Downloaded color_quant v1.1.0
  Downloaded unicase v2.9.0
  Downloaded pxfm v0.1.29
  Downloaded futures-executor v0.3.32
  Downloaded dns-lookup v2.1.1
  Downloaded owo-colors v4.3.0
  Downloaded tonic-prost v0.14.6
  Downloaded anstyle v1.0.14
  Downloaded fax v0.2.7
  Downloaded anstream v1.0.0
  Downloaded thiserror v1.0.69
  Downloaded wayland-protocols-experimental v20250721.0.1
  Downloaded ahash v0.8.12
  Downloaded font-types v0.11.3
  Downloaded gpu-descriptor-types v0.2.0
  Downloaded unicode-script v0.5.8
  Downloaded y4m v0.8.0
  Downloaded hashlink v0.11.0
  Downloaded litrs v1.0.0
  Downloaded anstyle-parse v1.0.0
  Downloaded libloading v0.8.9
  Downloaded pkg-config v0.3.33
  Downloaded wayland-protocols-wlr v0.3.12
  Downloaded kurbo v0.10.4
  Downloaded aya-obj v0.3.0
  Downloaded vcpkg v0.2.15
  Downloaded rusqlite v0.39.0
  Downloaded tower-layer v0.3.3
  Downloaded document-features v0.2.12
  Downloaded ouroboros v0.18.5
  Downloaded heck v0.5.0
  Downloaded iced_program v0.14.0
  Downloaded tonic-build v0.14.6
  Downloaded wgpu-core-deps-windows-linux-android v27.0.0
  Downloaded loop9 v0.1.5
  Downloaded exr v1.74.0
  Downloaded simd_helpers v0.1.0
  Downloaded heck v0.4.1
  Downloaded rusty-fork v0.3.1
  Downloaded lebe v0.5.3
  Downloaded gpu-alloc v0.6.0
  Downloaded bit-vec v0.8.0
  Downloaded lilt v0.8.1
  Downloaded skrifa v0.40.0
  Downloaded aliasable v0.1.3
  Downloaded self_cell v1.2.2
  Downloaded rgb v0.8.53
  Downloaded fontconfig-parser v0.5.8
  Downloaded fallible-streaming-iterator v0.1.9
  Downloaded clipboard_wayland v0.2.2
  Downloaded slotmap v1.1.1
  Downloaded softbuffer v0.4.8
  Downloaded getrandom v0.3.4
  Downloaded mundy v0.2.3
  Downloaded image-webp v0.2.4
  Downloaded bit-set v0.8.0
  Downloaded tempfile v3.27.0
  Downloaded owned_ttf_parser v0.25.1
  Downloaded profiling-procmacros v1.0.18
  Downloaded tonic v0.14.6
  Downloaded png v0.18.1
  Downloaded sha2 v0.10.9
  Downloaded bytemuck_derive v1.10.2
  Downloaded pastey v0.2.3
  Downloaded spirv v0.3.0+sdk-1.3.268.0
  Downloaded yazi v0.2.1
  Downloaded iced_widget v0.14.2
  Downloaded matchit v0.8.4
  Downloaded kamadak-exif v0.6.1
  Downloaded tinyvec v1.11.0
  Downloaded iana-time-zone v0.1.65
  Downloaded clipboard_x11 v0.4.3
  Downloaded swash v0.2.7
  Downloaded iced_graphics v0.14.0
  Downloaded skrifa v0.37.0
  Downloaded tokio-util v0.7.18
  Downloaded hashbrown v0.15.5
  Downloaded rav1e v0.8.1
  Downloaded naga v27.0.3
  Downloaded wayland-scanner v0.31.10
  Downloaded unarray v0.1.4
  Downloaded cfg_aliases v0.2.1
  Downloaded petgraph v0.8.3
  Downloaded khronos-egl v6.0.0
  Downloaded wayland-protocols-misc v0.3.12
  Downloaded hexf-parse v0.2.1
  Downloaded cosmic-text v0.15.0
  Downloaded quick-error v1.2.3
  Downloaded aligned v0.4.3
  Downloaded clap_derive v4.6.4
  Downloaded memmap2 v0.9.10
  Downloaded clap_mangen v0.3.3
  Downloaded thiserror-impl v1.0.69
  Downloaded web-time v1.1.0
  Downloaded libsqlite3-sys v0.37.0
  Downloaded rustversion v1.0.22
  Downloaded paste v1.0.15
  Downloaded v_frame v0.3.9
  Downloaded thiserror v2.0.18
  Downloaded thiserror-impl v2.0.18
  Downloaded num-derive v0.4.2
  Downloaded num-rational v0.4.2
  Downloaded num-integer v0.1.46
  Downloaded ab_glyph v0.2.32
  Downloaded tonic-prost-build v0.14.6
  Downloaded rustc-hash v1.1.0
  Downloaded iced_runtime v0.14.0
  Downloaded static_assertions v1.1.0
  Downloaded termcolor v1.4.1
  Downloaded nfq v0.2.5
  Downloaded clap v4.6.6
  Downloaded clap_complete v4.6.9
  Downloaded bytemuck v1.25.0
  Downloaded sctk-adwaita v0.10.1
  Downloaded iced_winit v0.14.0
  Downloaded httparse v1.10.1
  Downloaded wayland-client v0.31.14
  Downloaded hyper-util v0.1.20
  Downloaded futures-channel v0.3.32
  Downloaded wayland-backend v0.3.15
  Downloaded calloop v0.13.0
  Downloaded iced_tiny_skia v0.14.0
  Downloaded wayland-protocols-plasma v0.3.12
  Downloaded x11-dl v2.21.0
  Downloaded cc v1.2.62
  Downloaded prost-types v0.14.3
  Downloaded futures v0.3.32
  Downloaded http v1.4.0
  Downloaded typenum v1.20.1
  Downloaded base64 v0.22.1
  Downloaded miniz_oxide v0.8.9
  Downloaded hyper v1.9.0
  Downloaded calloop v0.14.4
  Downloaded procfs v0.18.0
  Downloaded smithay-client-toolkit v0.19.2
  Downloaded xkeysym v0.2.1
  Downloaded serde_json v1.0.150
  Downloaded wayland-protocols v0.32.12
  Downloaded smithay-client-toolkit v0.20.0
  Downloaded h2 v0.4.16
  Downloaded futures-util v0.3.32
  Downloaded axum v0.8.9
  Downloaded clap_builder v4.6.6
  Downloaded quick-xml v0.39.4
  Downloaded x11rb v0.13.2
  Downloaded tiny-skia v0.11.4
  Downloaded ttf-parser v0.25.1
  Downloaded chrono v0.4.44
  Downloaded syn v3.0.3
  Downloaded rustix v0.38.44
  Downloaded nix v0.31.3
  Downloaded glam v0.25.0
  Downloaded wgpu-hal v27.0.4
  Downloaded x11rb-protocol v0.13.2
  Downloaded iced v0.14.0
  Downloaded winit v0.30.13
  Downloaded linux-raw-sys v0.4.15
    Updating crates.io index
    Updating crates.io index
 Downloading crates ...
  Downloaded rustc-literal-escaper v0.0.7
  Downloaded getopts v0.2.24
  Downloaded rustc-demangle v0.1.27
  Downloaded memchr v2.7.6
  Downloaded addr2line v0.25.1
  Downloaded gimli v0.32.3
  Downloaded object v0.37.3
  Downloaded libc v0.2.185
 Downloading crates ...
  Downloaded aya-ebpf v0.2.1
  Downloaded rustversion v1.0.23
  Downloaded aya-ebpf-macros v0.2.0
  Downloaded cargo-platform v0.3.1
  Downloaded thiserror-impl v2.0.20
  Downloaded which v8.0.5
  Downloaded rustc_version v0.4.1
  Downloaded aya-build v0.2.0
  Downloaded semver v1.0.28
  Downloaded camino v1.2.5
  Downloaded quote v1.0.47
  Downloaded thiserror v2.0.20
  Downloaded zmij v1.0.23
  Downloaded aya-ebpf-cty v0.3.0
  Downloaded serde_core v1.0.229
  Downloaded proc-macro2 v1.0.107
  Downloaded serde_derive v1.0.229
  Downloaded cargo_metadata v0.23.1
  Downloaded serde v1.0.229
  Downloaded memchr v2.8.3
  Downloaded serde_json v1.0.151
  Downloaded aya-ebpf-bindings v0.2.0
  Downloaded syn v2.0.119
  Downloaded libc v0.2.189
