==> rustc and bpf-linker agree on LLVM 22
   Compiling proc-macro2 v1.0.106
   Compiling quote v1.0.45
   Compiling unicode-ident v1.0.24
   Compiling cfg-if v1.0.4
   Compiling libc v0.2.186
   Compiling log v0.4.30
   Compiling bitflags v2.11.1
   Compiling smallvec v1.15.1
   Compiling once_cell v1.21.4
   Compiling pin-project-lite v0.2.17
   Compiling libm v0.2.16
   Compiling autocfg v1.5.1
   Compiling slab v0.4.12
   Compiling futures-core v0.3.32
   Compiling rustix v1.1.4
   Compiling linux-raw-sys v0.12.1
   Compiling scopeguard v1.2.0
   Compiling parking_lot_core v0.9.12
   Compiling memchr v2.8.0
   Compiling bytes v1.11.1
   Compiling lock_api v0.4.14
   Compiling pkg-config v0.3.33
   Compiling thiserror v2.0.18
   Compiling libloading v0.8.9
   Compiling futures-io v0.3.32
   Compiling crossbeam-utils v0.8.21
   Compiling tracing-core v0.1.36
   Compiling version_check v0.9.5
   Compiling anyhow v1.0.104
   Compiling find-msvc-tools v0.1.9
   Compiling shlex v1.3.0
   Compiling foldhash v0.2.0
   Compiling num-traits v0.2.19
   Compiling cc v1.2.62
   Compiling futures-sink v0.3.32
   Compiling serde_core v1.0.228
   Compiling serde v1.0.228
   Compiling futures-channel v0.3.32
   Compiling equivalent v1.0.2
   Compiling hashbrown v0.17.1
   Compiling futures-task v0.3.32
   Compiling cfg_aliases v0.2.1
   Compiling dlib v0.5.3
   Compiling syn v2.0.117
   Compiling wayland-sys v0.31.11
   Compiling arrayvec v0.7.6
   Compiling scoped-tls v1.0.1
   Compiling downcast-rs v1.2.1
   Compiling zerocopy v0.8.48
   Compiling quick-xml v0.39.4
   Compiling getrandom v0.4.2
   Compiling wayland-client v0.31.14
   Compiling crc32fast v1.5.0
   Compiling crossbeam-epoch v0.9.20
   Compiling simd-adler32 v0.3.9
   Compiling indexmap v2.14.0
   Compiling atomic-waker v1.1.2
   Compiling core_maths v0.1.1
   Compiling adler2 v2.0.1
   Compiling itoa v1.0.18
   Compiling rayon-core v1.13.0
   Compiling crossbeam-deque v0.8.6
   Compiling miniz_oxide v0.8.9
   Compiling fastrand v2.4.1
   Compiling parking v2.2.1
   Compiling concurrent-queue v2.5.0
   Compiling errno v0.3.14
   Compiling socket2 v0.6.3
   Compiling mio v1.2.0
   Compiling signal-hook-registry v1.4.8
   Compiling memmap2 v0.9.10
   Compiling num-integer v0.1.46
   Compiling either v1.16.0
   Compiling raw-window-handle v0.6.2
   Compiling parking_lot v0.12.5
   Compiling wayland-scanner v0.31.10
   Compiling winnow v1.0.3
   Compiling flate2 v1.1.9
   Compiling num-bigint v0.4.6
   Compiling http v1.4.0
   Compiling stable_deref_trait v1.2.1
   Compiling wayland-backend v0.3.15
   Compiling itertools v0.14.0
   Compiling as-slice v0.2.1
   Compiling rayon v1.12.0
   Compiling ttf-parser v0.25.1
   Compiling built v0.8.1
   Compiling av-scenechange v0.14.1
   Compiling paste v1.0.15
   Compiling rustc-hash v1.1.0
   Compiling smol_str v0.2.2
   Compiling toml_datetime v1.1.1+spec-1.1.0
   Compiling aligned v0.4.3
   Compiling toml_parser v1.1.2+spec-1.1.0
   Compiling http-body v1.0.1
   Compiling hashbrown v0.16.1
   Compiling no_std_io2 v0.9.4
   Compiling nom v8.0.0
   Compiling pastey v0.1.1
   Compiling y4m v0.8.0
   Compiling num-rational v0.4.2
   Compiling rav1e v0.8.1
   Compiling toml_edit v0.25.11+spec-1.1.0
   Compiling heck v0.5.0
   Compiling quick-error v2.0.1
   Compiling bitstream-io v4.10.0
   Compiling event-listener v5.4.1
   Compiling proc-macro-crate v3.5.0
   Compiling simd_helpers v0.1.0
   Compiling slotmap v1.1.1
   Compiling pulldown-cmark v0.13.4
   Compiling rustc-hash v2.1.2
   Compiling new_debug_unreachable v1.0.6
   Compiling zune-core v0.5.1
   Compiling prettyplease v0.2.37
   Compiling noop_proc_macro v0.3.0
   Compiling httparse v1.10.1
   Compiling tower-service v0.3.3
   Compiling weezl v0.1.12
   Compiling web-time v1.1.0
   Compiling imgref v1.12.1
   Compiling lilt v0.8.1
   Compiling maybe-rayon v0.1.1
   Compiling loop9 v0.1.5
   Compiling zune-jpeg v0.5.15
   Compiling event-listener-strategy v0.5.4
   Compiling uuid v1.23.1
   Compiling futures-lite v2.6.1
   Compiling fdeflate v0.3.7
   Compiling zune-inflate v0.2.54
   Compiling avif-serialize v0.8.9
   Compiling tinyvec_macros v0.1.1
   Compiling bit_field v0.10.3
   Compiling fax v0.2.7
   Compiling rgb v0.8.53
   Compiling fnv v1.0.7
   Compiling unicase v2.9.0
   Compiling glam v0.25.0
   Compiling polling v3.11.0
   Compiling percent-encoding v2.3.2
   Compiling lebe v0.5.3
   Compiling pxfm v0.1.29
   Compiling try-lock v0.2.5
   Compiling color_quant v1.1.0
   Compiling foldhash v0.1.5
   Compiling byteorder-lite v0.1.0
   Compiling regex-syntax v0.8.10
   Compiling roxmltree v0.20.0
   Compiling hashbrown v0.15.5
   Compiling gif v0.14.2
   Compiling want v0.3.1
   Compiling image-webp v0.2.4
   Compiling png v0.18.1
   Compiling fontconfig-parser v0.5.8
   Compiling regex-automata v0.4.14
   Compiling tinyvec v1.11.0
   Compiling thiserror-impl v2.0.18
   Compiling tracing-attributes v0.1.31
   Compiling bytemuck_derive v1.10.2
   Compiling tokio-macros v2.7.0
   Compiling serde_derive v1.0.228
   Compiling futures-macro v0.3.32
   Compiling zerocopy-derive v0.8.48
   Compiling profiling-procmacros v1.0.18
   Compiling profiling v1.0.18
   Compiling equator-macro v0.4.2
   Compiling enumflags2_derive v0.7.12
   Compiling arg_enum_proc_macro v0.3.4
   Compiling async-trait v0.1.89
   Compiling prost-derive v0.14.3
   Compiling tokio v1.52.3
   Compiling num-derive v0.4.2
   Compiling futures-util v0.3.32
   Compiling wayland-protocols v0.32.12
   Compiling equator v0.4.2
   Compiling moxcms v0.8.1
   Compiling aligned-vec v0.6.4
   Compiling bytemuck v1.25.0
   Compiling v_frame v0.3.9
   Compiling tracing v0.1.44
   Compiling font-types v0.10.1
   Compiling font-types v0.11.3
   Compiling av1-grain v0.2.5
   Compiling iced_core v0.14.0
   Compiling read-fonts v0.37.0
   Compiling read-fonts v0.35.0
   Compiling qoi v0.4.1
   Compiling naga v27.0.3
   Compiling async-io v2.6.0
   Compiling as-raw-xcb-connection v1.0.1
   Compiling prost v0.14.3
   Compiling khronos-egl v6.0.0
   Compiling hex v0.4.3
   Compiling unicode-width v0.1.14
   Compiling bit-vec v0.8.0
   Compiling yazi v0.2.1
   Compiling futures-executor v0.3.32
   Compiling fixedbitset v0.5.7
   Compiling futures v0.3.32
   Compiling tower-layer v0.3.3
   Compiling zeno v0.3.3
   Compiling httpdate v1.0.3
   Compiling sync_wrapper v1.0.2
   Compiling ash v0.38.0+1.3.281
   Compiling petgraph v0.8.3
   Compiling tempfile v3.27.0
   Compiling codespan-reporting v0.12.0
   Compiling bit-set v0.8.0
   Compiling prost-types v0.14.3
   Compiling regex v1.12.3
   Compiling fontdb v0.23.0
   Compiling pulldown-cmark-to-cmark v22.0.0
   Compiling tokio-util v0.7.18
   Compiling zvariant_utils v3.3.1
   Compiling enumflags2 v0.7.12
   Compiling iced_futures v0.14.0
   Compiling gethostname v1.1.0
   Compiling http-body-util v0.1.3
   Compiling h2 v0.4.16
   Compiling wgpu-hal v27.0.4
   Compiling spirv v0.3.0+sdk-1.3.268.0
   Compiling zvariant_derive v5.11.0
   Compiling gpu-descriptor-types v0.2.0
   Compiling gpu-alloc-types v0.3.0
   Compiling mime v0.3.17
   Compiling endi v1.1.1
   Compiling linebender_resource_handle v0.1.1
   Compiling half v2.7.1
   Compiling unicode-linebreak v0.1.5
   Compiling xkeysym v0.2.1
   Compiling async-task v4.7.1
   Compiling rangemap v1.7.1
   Compiling sys-locale v0.3.2
   Compiling cursor-icon v1.2.0
   Compiling unicode-bidi v0.3.18
   Compiling exr v1.74.0
   Compiling ravif v0.13.0
   Compiling tiff v0.11.3
   Compiling unicode-script v0.5.8
   Compiling self_cell v1.2.2
   Compiling multimap v0.10.1
   Compiling xcursor v0.3.10
   Compiling unicode-segmentation v1.13.2
   Compiling hexf-parse v0.2.1
   Compiling skrifa v0.40.0
   Compiling harfrust v0.3.2
   Compiling skrifa v0.37.0
   Compiling x11rb-protocol v0.13.2
   Compiling hyper v1.9.0
   Compiling image v0.25.10
   Compiling swash v0.2.7
   Compiling hyper-util v0.1.20
   Compiling wayland-cursor v0.31.14
   Compiling prost-build v0.14.3
   Compiling zvariant v5.11.0
   Compiling wayland-csd-frame v0.3.0
   Compiling axum-core v0.5.6
   Compiling cosmic-text v0.15.0
   Compiling wayland-protocols-wlr v0.3.12
   Compiling gpu-alloc v0.6.0
   Compiling gpu-descriptor v0.3.2
   Compiling tower v0.5.3
   Compiling x11rb v0.13.2
   Compiling tonic-build v0.14.6
   Compiling wgpu-types v27.0.1
   Compiling pin-project-internal v1.1.13
   Compiling async-channel v2.5.0
   Compiling ordered-float v5.3.0
   Compiling thiserror v1.0.69
   Compiling arrayref v0.3.9
   Compiling glow v0.16.0
   Compiling zmij v1.0.21
   Compiling matchit v0.8.4
   Compiling mutate_once v0.1.2
   Compiling iana-time-zone v0.1.65
   Compiling renderdoc-sys v1.1.0
   Compiling strict-num v0.1.1
   Compiling rustix v0.38.44
   Compiling tiny-skia-path v0.11.4
   Compiling axum v0.8.9
   Compiling chrono v0.4.44
   Compiling pin-project v1.1.13
   Compiling kamadak-exif v0.6.1
   Compiling tonic-prost-build v0.14.6
   Compiling async-signal v0.2.14
   Compiling zbus_names v4.3.2
   Compiling hyper-timeout v0.5.2
   Compiling tokio-stream v0.1.18
   Compiling thiserror-impl v1.0.69
   Compiling async-lock v3.4.2
   Compiling piper v0.2.5
   Compiling wgpu-core v27.0.3
   Compiling generic-array v0.14.7
   Compiling litrs v1.0.0
   Compiling serde_json v1.0.150
   Compiling linux-raw-sys v0.4.15
   Compiling utf8parse v0.2.2
   Compiling base64 v0.22.1
   Compiling anstyle-parse v1.0.0
   Compiling async-process v2.5.0
   Compiling blocking v1.6.2
   Compiling zbus_macros v5.15.0
   Compiling document-features v0.2.12
   Compiling tonic v0.14.6
   Compiling cfc-proto v0.2.0 (/build/colony-firewall-control/src/Colony-Firewall-Control-0.2.0/crates/cfc-proto)
   Compiling iced_graphics v0.14.0
   Compiling tiny-skia v0.11.4
   Compiling async-executor v1.14.0
   Compiling calloop v0.14.4
   Compiling serde_repr v0.1.20
   Compiling async-recursion v1.1.1
   Compiling async-broadcast v0.7.2
   Compiling euclid v0.22.14
   Compiling tiny-xlib v0.2.5
   Compiling wgpu v27.0.1
   Compiling ordered-stream v0.2.0
   Compiling smithay-client-toolkit v0.20.0
   Compiling static_assertions v1.1.0
   Compiling typenum v1.20.1
   Compiling is_terminal_polyfill v1.70.2
   Compiling lazy_static v1.5.0
   Compiling colorchoice v1.0.5
   Compiling svg_fmt v0.4.5
   Compiling anstyle v1.0.14
   Compiling anstyle-query v1.1.5
   Compiling anstream v1.0.0
   Compiling calloop-wayland-source v0.4.1
   Compiling tonic-prost v0.14.6
   Compiling calloop v0.13.0
   Compiling wayland-protocols-misc v0.3.12
   Compiling wayland-protocols-experimental v20250721.0.1
   Compiling zbus v5.15.0
   Compiling iced_debug v0.14.0
   Compiling ipnet v2.12.0
   Compiling syn v3.0.3
   Compiling proc-macro2-diagnostics v0.10.1
   Compiling smithay-client-toolkit v0.19.2
   Compiling getrandom v0.3.4
   Compiling clap_lex v1.1.0
   Compiling ctor v0.10.1
   Compiling strsim v0.11.1
   Compiling cfc-core v0.2.0 (/build/colony-firewall-control/src/Colony-Firewall-Control-0.2.0/crates/cfc-core)
   Compiling matchers v0.2.0
   Compiling clap_builder v4.6.6
   Compiling calloop-wayland-source v0.3.0
   Compiling etagere v0.2.15
   Compiling sharded-slab v0.1.7
   Compiling owned_ttf_parser v0.25.1
   Compiling x11-dl v2.21.0
   Compiling ahash v0.8.12
   Compiling tracing-log v0.2.0
   Compiling thread_local v1.1.9
   Compiling lru v0.16.4
   Compiling ab_glyph_rasterizer v0.1.10
   Compiling vcpkg v0.2.15
   Compiling yansi v1.0.1
   Compiling object v0.39.1
   Compiling android-build v0.1.4
   Compiling nu-ansi-term v0.50.3
   Compiling tracing-subscriber v0.3.23
   Compiling mundy v0.2.3
   Compiling ab_glyph v0.2.32
   Compiling smithay-clipboard v0.7.3
   Compiling libsqlite3-sys v0.37.0
   Compiling wgpu-core-deps-windows-linux-android v27.0.0
   Compiling softbuffer v0.4.8
   Compiling clap_derive v4.6.4
   Compiling block-buffer v0.10.4
   Compiling crypto-common v0.1.7
   Compiling guillotiere v0.6.2
   Compiling kurbo v0.10.4
   Compiling winit v0.30.13
   Compiling heck v0.4.1
   Compiling ouroboros_macro v0.18.5
   Compiling iced_tiny_skia v0.14.0
   Compiling digest v0.10.7
   Compiling sctk-adwaita v0.10.1
   Compiling clap v4.6.6
   Compiling clipboard_wayland v0.2.2
   Compiling clipboard_x11 v0.4.3
   Compiling xkbcommon-dl v0.4.2
   Compiling wayland-protocols-plasma v0.3.12
   Compiling iced_runtime v0.14.0
   Compiling nix v0.31.3
   Compiling cpufeatures v0.2.17
   Compiling aliasable v0.1.3
   Compiling dpi v0.1.2
   Compiling is_ci v1.2.0
   Compiling procfs v0.18.0
   Compiling ouroboros v0.18.5
   Compiling sha2 v0.10.9
   Compiling iced_program v0.14.0
   Compiling window_clipboard v0.5.1
   Compiling cfc-client v0.2.0 (/build/colony-firewall-control/src/Colony-Firewall-Control-0.2.0/crates/cfc-client)
   Compiling procfs-core v0.18.0
   Compiling cryoglyph v0.1.0
   Compiling iced_wgpu v0.14.0
   Compiling aya-obj v0.3.0
   Compiling hashlink v0.11.0
   Compiling iced_renderer v0.14.0
   Compiling serde_spanned v1.1.1
   Compiling is-terminal v0.4.17
   Compiling toml_writer v1.1.1+spec-1.1.0
   Compiling fallible-iterator v0.3.0
   Compiling fallible-streaming-iterator v0.1.9
   Compiling owo-colors v4.3.0
   Compiling assert_matches v1.5.0
   Compiling aya v0.14.0
   Compiling toml v1.1.2+spec-1.1.0
   Compiling supports-color v2.1.0
   Compiling iced_widget v0.14.2
   Compiling iced_winit v0.14.0
   Compiling supports-color v3.0.2
   Compiling dns-lookup v2.1.1
   Compiling nfq v0.2.5
   Compiling roff v1.1.1
   Compiling cfc-ebpf-common v0.2.0 (/build/colony-firewall-control/src/Colony-Firewall-Control-0.2.0/crates/cfc-ebpf-common)
   Compiling pastey v0.2.3
   Compiling clap_mangen v0.3.3
   Compiling clap_complete v4.6.9
   Compiling ksni v0.3.6
   Compiling iced v0.14.0
   Compiling notify-rust v4.17.0
   Compiling xtask v0.2.0 (/build/colony-firewall-control/src/Colony-Firewall-Control-0.2.0/crates/xtask)
   Compiling cfc-cli v0.2.0 (/build/colony-firewall-control/src/Colony-Firewall-Control-0.2.0/crates/cfc-cli)
   Compiling cfc-tray v0.2.0 (/build/colony-firewall-control/src/Colony-Firewall-Control-0.2.0/crates/cfc-tray)
   Compiling cfc-ui v0.2.0 (/build/colony-firewall-control/src/Colony-Firewall-Control-0.2.0/crates/cfc-ui)
   Compiling rusqlite v0.39.0
   Compiling cfc-daemon v0.2.0 (/build/colony-firewall-control/src/Colony-Firewall-Control-0.2.0/crates/cfc-daemon)
    Finished `release` profile [optimized] target(s) in 5m 32s
   Compiling proc-macro2 v1.0.107
   Compiling unicode-ident v1.0.24
   Compiling quote v1.0.47
   Compiling serde_core v1.0.229
   Compiling serde v1.0.229
   Compiling zmij v1.0.23
   Compiling libc v0.2.189
   Compiling serde_json v1.0.151
   Compiling camino v1.2.5
   Compiling thiserror v2.0.20
   Compiling anyhow v1.0.104
   Compiling itoa v1.0.18
   Compiling memchr v2.8.3
   Compiling compiler_builtins v0.1.160 (/usr/lib/rustlib/src/rust/library/compiler-builtins/compiler-builtins)
   Compiling rustversion v1.0.23
   Compiling version_check v0.9.5
   Compiling core v0.0.0 (/usr/lib/rustlib/src/rust/library/core)
   Compiling proc-macro2-diagnostics v0.10.1
   Compiling syn v3.0.3
   Compiling syn v2.0.119
   Compiling which v8.0.5
   Compiling semver v1.0.28
   Compiling rustc_version v0.4.1
   Compiling serde_derive v1.0.229
   Compiling thiserror-impl v2.0.20
   Compiling aya-ebpf-macros v0.2.0
   Compiling cargo-platform v0.3.1
   Compiling cargo_metadata v0.23.1
   Compiling aya-build v0.2.0
   Compiling aya-ebpf-cty v0.3.0
   Compiling aya-ebpf-bindings v0.2.0
   Compiling aya-ebpf v0.2.1
   Compiling cfc-ebpf-common v0.2.0 (/build/colony-firewall-control/src/Colony-Firewall-Control-0.2.0/crates/cfc-ebpf-common)
   Compiling cfc-ebpf v0.2.0 (/build/colony-firewall-control/src/Colony-Firewall-Control-0.2.0/crates/cfc-ebpf)
    Finished `release` profile [optimized + debuginfo] target(s) in 10.20s
==> eBPF object has .BTF; 4 matching sections
