   Compiling proc-macro2 v1.0.95
   Compiling unicode-ident v1.0.18
   Compiling libc v0.2.174
   Compiling memchr v2.7.5
   Compiling cfg-if v1.0.1
   Compiling pkg-config v0.3.32
   Compiling stable_deref_trait v1.2.0
   Compiling shlex v1.3.0
   Compiling smallvec v1.15.1
   Compiling pin-project-lite v0.2.16
   Compiling siphasher v1.0.1
   Compiling serde v1.0.219
   Compiling rand_core v0.6.4
   Compiling bitflags v2.9.1
   Compiling once_cell v1.21.3
   Compiling log v0.4.27
   Compiling itoa v1.0.15
   Compiling bytes v1.10.1
   Compiling futures-core v0.3.31
   Compiling cc v1.2.29
   Compiling rand v0.8.5
   Compiling futures-sink v0.3.31
   Compiling autocfg v1.5.0
   Compiling vcpkg v0.2.15
   Compiling phf_shared v0.11.3
   Compiling litemap v0.8.0
   Compiling writeable v0.6.1
   Compiling futures-channel v0.3.31
   Compiling slab v0.4.10
   Compiling icu_properties_data v2.0.1
   Compiling futures-io v0.3.31
   Compiling pin-utils v0.1.0
   Compiling futures-task v0.3.31
   Compiling icu_normalizer_data v2.0.0
   Compiling equivalent v1.0.2
   Compiling hashbrown v0.15.4
   Compiling aho-corasick v1.1.3
   Compiling regex-syntax v0.8.5
   Compiling phf_generator v0.11.3
   Compiling adler2 v2.0.1
   Compiling openssl v0.10.73
   Compiling phf_codegen v0.11.3
   Compiling foreign-types-shared v0.1.1
   Compiling fnv v1.0.7
   Compiling crossbeam-utils v0.8.21
   Compiling quote v1.0.40
   Compiling http v0.2.12
   Compiling foreign-types v0.3.2
   Compiling lock_api v0.4.13
   Compiling miniz_oxide v0.8.9
   Compiling syn v2.0.104
   Compiling alpm-sys v4.0.5
   Compiling tracing-core v0.1.34
   Compiling httparse v1.10.1
   Compiling native-tls v0.2.14
   Compiling new_debug_unreachable v1.0.6
   Compiling parking_lot_core v0.9.11
   Compiling percent-encoding v2.3.1
   Compiling indexmap v2.10.0
   Compiling form_urlencoded v1.2.1
   Compiling try-lock v0.2.5
   Compiling openssl-probe v0.1.6
   Compiling thiserror v1.0.69
   Compiling scopeguard v1.2.0
   Compiling tracing v0.1.41
   Compiling utf8_iter v1.0.4
   Compiling want v0.3.1
   Compiling http-body v0.4.6
   Compiling string_cache_codegen v0.5.4
   Compiling encoding_rs v0.8.35
   Compiling crc32fast v1.4.2
   Compiling temp-dir v0.1.16
   Compiling tower-service v0.3.3
   Compiling signal-hook-registry v1.4.5
   Compiling socket2 v0.5.10
   Compiling mio v1.0.4
   Compiling precomputed-hash v0.1.1
   Compiling httpdate v1.0.3
   Compiling mac v0.1.1
   Compiling ryu v1.0.20
   Compiling serde_json v1.0.140
   Compiling futf v0.1.5
   Compiling flate2 v1.1.2
   Compiling parking_lot v0.12.4
   Compiling alpm v4.0.4
   Compiling rustix v1.0.7
   Compiling either v1.15.0
   Compiling utf-8 v0.7.6
   Compiling base64 v0.21.7
   Compiling regex-automata v0.4.9
   Compiling markup5ever v0.14.1
   Compiling unicode-width v0.2.1
   Compiling dtoa v1.0.10
   Compiling object v0.36.7
   Compiling rustls-pemfile v1.0.4
   Compiling tendril v0.4.3
   Compiling dtoa-short v0.3.5
   Compiling crossbeam-epoch v0.9.18
   Compiling openssl-sys v0.9.109
   Compiling gettext-sys v0.22.5
   Compiling selectors v0.26.0
   Compiling num-traits v0.2.19
   Compiling ipnet v2.11.0
   Compiling gimli v0.31.1
   Compiling sync_wrapper v0.1.2
   Compiling utf8parse v0.2.2
   Compiling byteorder v1.5.0
   Compiling linux-raw-sys v0.9.4
   Compiling lazy_static v1.5.0
   Compiling mime v0.3.17
   Compiling cini v1.0.0
   Compiling portable-atomic v1.11.1
   Compiling cfg_aliases v0.2.1
   Compiling getrandom v0.3.3
   Compiling nix v0.30.1
   Compiling fxhash v0.2.1
   Compiling pacmanconf v3.0.0
   Compiling anstyle-parse v0.2.7
   Compiling crossbeam-deque v0.8.6
   Compiling crossbeam-queue v0.3.12
   Compiling crossbeam-channel v0.5.15
   Compiling servo_arc v0.4.1
   Compiling anstyle v1.0.11
   Compiling anstyle-query v1.1.3
   Compiling colorchoice v1.0.4
   Compiling signal-hook v0.3.18
   Compiling is_terminal_polyfill v1.70.1
   Compiling anyhow v1.0.98
   Compiling winnow v0.7.11
   Compiling rustc-demangle v0.1.25
   Compiling option-ext v0.2.0
   Compiling toml_write v0.1.2
   Compiling dirs-sys v0.5.0
   Compiling crossbeam v0.8.4
   Compiling anstream v0.6.19
   Compiling alpm-utils v4.0.1
   Compiling synstructure v0.13.2
   Compiling quick-xml v0.37.5
   Compiling regex v1.11.1
   Compiling getopts v0.2.23
   Compiling console v0.16.0
   Compiling addr2line v0.24.2
   Compiling locale_config v0.3.0
   Compiling env_filter v0.1.3
   Compiling bstr v1.12.0
   Compiling gettext-rs v0.7.2
   Compiling iana-time-zone v0.1.63
   Compiling fastrand v2.3.0
   Compiling ego-tree v0.10.0
   Compiling srcinfo v1.3.1
   Compiling jiff v0.2.15
   Compiling unit-prefix v0.5.1
   Compiling indicatif v0.18.0
   Compiling tempfile v3.20.0
   Compiling globset v0.4.16
   Compiling chrono v0.4.41
   Compiling tr v0.1.11
   Compiling rss v2.0.12
   Compiling terminal_size v0.4.2
   Compiling dirs v6.0.0
   Compiling ansiterm v0.12.2
   Compiling htmlescape v0.3.1
   Compiling backtrace v0.3.75
   Compiling zerofrom-derive v0.1.6
   Compiling yoke-derive v0.8.0
   Compiling zerovec-derive v0.11.1
   Compiling serde_derive v1.0.219
   Compiling displaydoc v0.2.5
   Compiling tokio-macros v2.5.0
   Compiling futures-macro v0.3.31
   Compiling openssl-macros v0.1.1
   Compiling phf_macros v0.11.3
   Compiling tokio v1.46.1
   Compiling thiserror-impl v1.0.69
   Compiling futures-util v0.3.31
   Compiling cssparser-macros v0.6.1
   Compiling match_token v0.1.0
   Compiling derive_more v0.99.20
   Compiling phf v0.11.3
   Compiling async-trait v0.1.88
   Compiling smart-default v0.7.1
   Compiling cssparser v0.34.0
   Compiling env_logger v0.11.8
   Compiling zerofrom v0.1.6
   Compiling yoke v0.8.0
   Compiling zerovec v0.11.2
   Compiling zerotrie v0.2.2
   Compiling futures-executor v0.3.31
   Compiling tinystr v0.8.1
   Compiling potential_utf v0.1.2
   Compiling icu_collections v2.0.0
   Compiling futures v0.3.31
   Compiling icu_locale_core v2.0.0
   Compiling icu_provider v2.0.0
   Compiling icu_normalizer v2.0.0
   Compiling icu_properties v2.0.1
   Compiling tokio-util v0.7.15
   Compiling tokio-native-tls v0.3.1
   Compiling async-compression v0.4.25
   Compiling tokio-socks v0.5.2
   Compiling h2 v0.3.26
   Compiling idna_adapter v1.2.1
   Compiling idna v1.0.3
   Compiling string_cache v0.8.9
   Compiling serde_urlencoded v0.7.1
   Compiling toml_datetime v0.6.11
   Compiling serde_spanned v0.6.9
   Compiling toml_edit v0.22.27
   Compiling url v2.5.4
   Compiling aur-fetch v0.11.3
   Compiling html5ever v0.29.1
   Compiling scraper v0.23.1
   Compiling toml v0.8.23
   Compiling hyper v0.14.32
   Compiling hyper-tls v0.5.0
   Compiling reqwest v0.11.27
   Compiling raur v7.0.0
   Compiling aur-depends v4.0.3
   Compiling paru v2.1.0 (/build/paru/src/paru-2.1.0)
    Finished `release` profile [optimized] target(s) in 2m 19s
