    Updating crates.io index
     Locking 2 packages to latest compatible versions
    Updating alpm v4.0.3 -> v4.0.4 (available: v5.0.2)
    Updating alpm-sys v4.0.3 -> v4.0.5
note: pass `--verbose` to see 173 unchanged dependencies behind latest
 Downloading crates ...
  Downloaded url v2.5.4
  Downloaded percent-encoding v2.3.1
  Downloaded utf8_iter v1.0.4
  Downloaded zerofrom-derive v0.1.6
  Downloaded crossbeam-deque v0.8.6
  Downloaded zerofrom v0.1.6
  Downloaded crossbeam-queue v0.3.12
  Downloaded yoke-derive v0.8.0
  Downloaded stable_deref_trait v1.2.0
  Downloaded idna_adapter v1.2.1
  Downloaded toml_write v0.1.2
  Downloaded potential_utf v0.1.2
  Downloaded synstructure v0.13.2
  Downloaded crossbeam-utils v0.8.21
  Downloaded alpm-utils v4.0.1
  Downloaded form_urlencoded v1.2.1
  Downloaded tokio-macros v2.5.0
  Downloaded errno v0.3.13
  Downloaded utf-8 v0.7.6
  Downloaded byteorder v1.5.0
  Downloaded yoke v0.8.0
  Downloaded zerovec-derive v0.11.1
  Downloaded crossbeam-epoch v0.9.18
  Downloaded smart-default v0.7.1
  Downloaded mac v0.1.1
  Downloaded temp-dir v0.1.16
  Downloaded equivalent v1.0.2
  Downloaded fastrand v2.3.0
  Downloaded serde_spanned v0.6.9
  Downloaded aur-depends v4.0.3
  Downloaded lock_api v0.4.13
  Downloaded crossbeam-channel v0.5.15
  Downloaded itoa v1.0.15
  Downloaded either v1.15.0
  Downloaded terminal_size v0.4.2
  Downloaded displaydoc v0.2.5
  Downloaded writeable v0.6.1
  Downloaded tinystr v0.8.1
  Downloaded tr v0.1.11
  Downloaded gettext-rs v0.7.2
  Downloaded phf_generator v0.11.3
  Downloaded toml_datetime v0.6.11
  Downloaded precomputed-hash v0.1.1
  Downloaded base64 v0.21.7
  Downloaded new_debug_unreachable v1.0.6
  Downloaded fxhash v0.2.1
  Downloaded cssparser-macros v0.6.1
  Downloaded thiserror v1.0.69
  Downloaded phf_codegen v0.11.3
  Downloaded siphasher v1.0.1
  Downloaded futures-core v0.3.31
  Downloaded futf v0.1.5
  Downloaded phf_shared v0.11.3
  Downloaded lazy_static v1.5.0
  Downloaded unicode-ident v1.0.18
  Downloaded shlex v1.3.0
  Downloaded signal-hook-registry v1.4.5
  Downloaded quote v1.0.40
  Downloaded cfg_aliases v0.2.1
  Downloaded srcinfo v1.3.1
  Downloaded pin-project-lite v0.2.16
  Downloaded cfg-if v1.0.1
  Downloaded autocfg v1.5.0
  Downloaded env_filter v0.1.3
  Downloaded is_terminal_polyfill v1.70.1
  Downloaded litemap v0.8.0
  Downloaded scraper v0.23.1
  Downloaded once_cell v1.21.3
  Downloaded locale_config v0.3.0
  Downloaded rand_core v0.6.4
  Downloaded phf_macros v0.11.3
  Downloaded icu_properties v2.0.1
  Downloaded proc-macro2 v1.0.95
  Downloaded smallvec v1.15.1
  Downloaded futures-macro v0.3.31
  Downloaded string_cache_codegen v0.5.4
  Downloaded rustc-hash v1.1.0
  Downloaded phf v0.11.3
  Downloaded tendril v0.4.3
  Downloaded toml v0.8.23
  Downloaded ryu v1.0.20
  Downloaded serde_derive v1.0.219
  Downloaded icu_normalizer v2.0.0
  Downloaded tower-service v0.3.3
  Downloaded ipnet v2.11.0
  Downloaded tempfile v3.20.0
  Downloaded log v0.4.27
  Downloaded servo_arc v0.4.1
  Downloaded console v0.16.0
  Downloaded zerotrie v0.2.2
  Downloaded serde v1.0.219
  Downloaded dirs-sys v0.5.0
  Downloaded anstyle-query v1.1.3
  Downloaded signal-hook v0.3.18
  Downloaded socket2 v0.5.10
  Downloaded try-lock v0.2.5
  Downloaded mime v0.3.17
  Downloaded getrandom v0.3.3
  Downloaded futures-io v0.3.31
  Downloaded globset v0.4.16
  Downloaded clang-sys v1.8.1
  Downloaded markup5ever v0.14.1
  Downloaded rustc-demangle v0.1.25
  Downloaded icu_provider v2.0.0
  Downloaded bitflags v2.9.1
  Downloaded futures v0.3.31
  Downloaded icu_normalizer_data v2.0.0
  Downloaded icu_locale_core v2.0.0
  Downloaded icu_collections v2.0.0
  Downloaded bytes v1.10.1
  Downloaded selectors v0.26.0
  Downloaded sync_wrapper v0.1.2
  Downloaded futures-task v0.3.31
  Downloaded env_logger v0.11.8
  Downloaded toml_edit v0.22.27
  Downloaded num-traits v0.2.19
  Downloaded memchr v2.7.5
  Downloaded rand v0.8.5
  Downloaded indexmap v2.10.0
  Downloaded dtoa-short v0.3.5
  Downloaded mio v1.0.4
  Downloaded pin-utils v0.1.0
  Downloaded foreign-types-shared v0.1.1
  Downloaded match_token v0.1.0
  Downloaded hyper-tls v0.5.0
  Downloaded zerovec v0.11.2
  Downloaded option-ext v0.2.0
  Downloaded idna v1.0.3
  Downloaded hashbrown v0.15.4
  Downloaded icu_properties_data v2.0.1
  Downloaded unit-prefix v0.5.1
  Downloaded utf8parse v0.2.2
  Downloaded fnv v1.0.7
  Downloaded futures-sink v0.3.31
  Downloaded httpdate v1.0.3
  Downloaded serde_json v1.0.140
  Downloaded indicatif v0.18.0
  Downloaded glob v0.3.2
  Downloaded getopts v0.2.23
  Downloaded http-body v0.4.6
  Downloaded adler2 v2.0.1
  Downloaded want v0.3.1
  Downloaded openssl-probe v0.1.6
  Downloaded aho-corasick v1.1.3
  Downloaded anstyle v1.0.11
  Downloaded serde_urlencoded v0.7.1
  Downloaded aur-fetch v0.11.3
  Downloaded syn v2.0.104
  Downloaded futures-executor v0.3.31
  Downloaded scopeguard v1.2.0
  Downloaded openssl-macros v0.1.1
  Downloaded pacmanconf v3.0.0
  Downloaded cini v1.0.0
  Downloaded colorchoice v1.0.4
  Downloaded ego-tree v0.10.0
  Downloaded tokio-socks v0.5.2
  Downloaded futures-channel v0.3.31
  Downloaded foreign-types v0.3.2
  Downloaded rustls-pemfile v1.0.4
  Downloaded string_cache v0.8.9
  Downloaded regex v1.11.1
  Downloaded htmlescape v0.3.1
  Downloaded unicode-width v0.2.1
  Downloaded portable-atomic v1.11.1
  Downloaded regex-syntax v0.8.5
  Downloaded crossbeam v0.8.4
  Downloaded rustix v1.0.7
  Downloaded libloading v0.8.8
  Downloaded thiserror-impl v1.0.69
  Downloaded pkg-config v0.3.32
  Downloaded tokio-native-tls v0.3.1
  Downloaded dirs v6.0.0
  Downloaded chrono v0.4.41
  Downloaded rss v2.0.12
  Downloaded cexpr v0.6.0
  Downloaded object v0.36.7
  Downloaded ansiterm v0.12.2
  Downloaded regex-automata v0.4.9
  Downloaded libc v0.2.174
  Downloaded jiff v0.2.15
  Downloaded slab v0.4.10
  Downloaded native-tls v0.2.14
  Downloaded parking_lot_core v0.9.11
  Downloaded httparse v1.10.1
  Downloaded crc32fast v1.4.2
  Downloaded anstream v0.6.19
  Downloaded iana-time-zone v0.1.63
  Downloaded alpm-sys v4.0.5
  Downloaded backtrace v0.3.75
  Downloaded addr2line v0.24.2
  Downloaded derive_more v0.99.20
  Downloaded parking_lot v0.12.4
  Downloaded tracing-core v0.1.34
  Downloaded async-trait v0.1.88
  Downloaded cssparser v0.34.0
  Downloaded anstyle-parse v0.2.7
  Downloaded linux-raw-sys v0.9.4
  Downloaded html5ever v0.29.1
  Downloaded openssl-sys v0.9.109
  Downloaded miniz_oxide v0.8.9
  Downloaded anyhow v1.0.98
  Downloaded flate2 v1.1.2
  Downloaded tracing v0.1.41
  Downloaded minimal-lexical v0.2.1
  Downloaded tokio-util v0.7.15
  Downloaded http v0.2.12
  Downloaded nom v7.1.3
  Downloaded async-compression v0.4.25
  Downloaded reqwest v0.11.27
  Downloaded itertools v0.13.0
  Downloaded quick-xml v0.37.5
  Downloaded futures-util v0.3.31
  Downloaded h2 v0.3.26
  Downloaded hyper v0.14.32
  Downloaded bindgen v0.70.1
  Downloaded vcpkg v0.2.15
  Downloaded gimli v0.31.1
  Downloaded openssl v0.10.73
  Downloaded nix v0.30.1
  Downloaded bstr v1.12.0
  Downloaded encoding_rs v0.8.35
  Downloaded cc v1.2.29
  Downloaded alpm v4.0.4
  Downloaded winnow v0.7.11
  Downloaded dtoa v1.0.10
  Downloaded tokio v1.46.1
  Downloaded raur v7.0.0
  Downloaded gettext-sys v0.22.5
